Archive member included to satisfy reference by file (symbol)

/opt/ST/STM32CubeCLT_1.16.0/GNU-tools-for-STM32/bin/../lib/gcc/arm-none-eabi/12.3.1/thumb/v7e-m/nofp/libgcc.a(_aeabi_uldivmod.o)
                              CMakeFiles/NucleoMotor.elf.dir/Drivers/STM32F4xx_HAL_Driver/Src/stm32f4xx_hal_rcc.c.obj (__aeabi_uldivmod)
/opt/ST/STM32CubeCLT_1.16.0/GNU-tools-for-STM32/bin/../lib/gcc/arm-none-eabi/12.3.1/thumb/v7e-m/nofp/libgcc.a(_udivmoddi4.o)
                              /opt/ST/STM32CubeCLT_1.16.0/GNU-tools-for-STM32/bin/../lib/gcc/arm-none-eabi/12.3.1/thumb/v7e-m/nofp/libgcc.a(_aeabi_uldivmod.o) (__udivmoddi4)
/opt/ST/STM32CubeCLT_1.16.0/GNU-tools-for-STM32/bin/../lib/gcc/arm-none-eabi/12.3.1/thumb/v7e-m/nofp/libgcc.a(_dvmd_tls.o)
                              /opt/ST/STM32CubeCLT_1.16.0/GNU-tools-for-STM32/bin/../lib/gcc/arm-none-eabi/12.3.1/thumb/v7e-m/nofp/libgcc.a(_aeabi_uldivmod.o) (__aeabi_ldiv0)
/opt/ST/STM32CubeCLT_1.16.0/GNU-tools-for-STM32/bin/../lib/gcc/arm-none-eabi/12.3.1/../../../../arm-none-eabi/lib/thumb/v7e-m/nofp/libg.a(libc_a-exit.o)
                              /opt/ST/STM32CubeCLT_1.16.0/GNU-tools-for-STM32/bin/../lib/gcc/arm-none-eabi/12.3.1/../../../../arm-none-eabi/lib/thumb/v7e-m/nofp/crt0.o (exit)
/opt/ST/STM32CubeCLT_1.16.0/GNU-tools-for-STM32/bin/../lib/gcc/arm-none-eabi/12.3.1/../../../../arm-none-eabi/lib/thumb/v7e-m/nofp/libg.a(libc_a-findfp.o)
                              /opt/ST/STM32CubeCLT_1.16.0/GNU-tools-for-STM32/bin/../lib/gcc/arm-none-eabi/12.3.1/../../../../arm-none-eabi/lib/thumb/v7e-m/nofp/libg.a(libc_a-exit.o) (__stdio_exit_handler)
/opt/ST/STM32CubeCLT_1.16.0/GNU-tools-for-STM32/bin/../lib/gcc/arm-none-eabi/12.3.1/../../../../arm-none-eabi/lib/thumb/v7e-m/nofp/libg.a(libc_a-fwalk.o)
                              /opt/ST/STM32CubeCLT_1.16.0/GNU-tools-for-STM32/bin/../lib/gcc/arm-none-eabi/12.3.1/../../../../arm-none-eabi/lib/thumb/v7e-m/nofp/libg.a(libc_a-findfp.o) (_fwalk_sglue)
/opt/ST/STM32CubeCLT_1.16.0/GNU-tools-for-STM32/bin/../lib/gcc/arm-none-eabi/12.3.1/../../../../arm-none-eabi/lib/thumb/v7e-m/nofp/libg.a(libc_a-memset.o)
                              /opt/ST/STM32CubeCLT_1.16.0/GNU-tools-for-STM32/bin/../lib/gcc/arm-none-eabi/12.3.1/../../../../arm-none-eabi/lib/thumb/v7e-m/nofp/crt0.o (memset)
/opt/ST/STM32CubeCLT_1.16.0/GNU-tools-for-STM32/bin/../lib/gcc/arm-none-eabi/12.3.1/../../../../arm-none-eabi/lib/thumb/v7e-m/nofp/libg.a(libc_a-impure.o)
                              /opt/ST/STM32CubeCLT_1.16.0/GNU-tools-for-STM32/bin/../lib/gcc/arm-none-eabi/12.3.1/../../../../arm-none-eabi/lib/thumb/v7e-m/nofp/libg.a(libc_a-findfp.o) (_impure_data)
/opt/ST/STM32CubeCLT_1.16.0/GNU-tools-for-STM32/bin/../lib/gcc/arm-none-eabi/12.3.1/../../../../arm-none-eabi/lib/thumb/v7e-m/nofp/libg.a(libc_a-errno.o)
                              CMakeFiles/NucleoMotor.elf.dir/Core/Src/syscalls.c.obj (__errno)
/opt/ST/STM32CubeCLT_1.16.0/GNU-tools-for-STM32/bin/../lib/gcc/arm-none-eabi/12.3.1/../../../../arm-none-eabi/lib/thumb/v7e-m/nofp/libg.a(libc_a-init.o)
                              /opt/ST/STM32CubeCLT_1.16.0/GNU-tools-for-STM32/bin/../lib/gcc/arm-none-eabi/12.3.1/../../../../arm-none-eabi/lib/thumb/v7e-m/nofp/crt0.o (__libc_init_array)
/opt/ST/STM32CubeCLT_1.16.0/GNU-tools-for-STM32/bin/../lib/gcc/arm-none-eabi/12.3.1/../../../../arm-none-eabi/lib/thumb/v7e-m/nofp/libg.a(libc_a-lock.o)
                              /opt/ST/STM32CubeCLT_1.16.0/GNU-tools-for-STM32/bin/../lib/gcc/arm-none-eabi/12.3.1/../../../../arm-none-eabi/lib/thumb/v7e-m/nofp/libg.a(libc_a-findfp.o) (__retarget_lock_init_recursive)
/opt/ST/STM32CubeCLT_1.16.0/GNU-tools-for-STM32/bin/../lib/gcc/arm-none-eabi/12.3.1/../../../../arm-none-eabi/lib/thumb/v7e-m/nofp/libg.a(libc_a-__call_atexit.o)
                              /opt/ST/STM32CubeCLT_1.16.0/GNU-tools-for-STM32/bin/../lib/gcc/arm-none-eabi/12.3.1/../../../../arm-none-eabi/lib/thumb/v7e-m/nofp/libg.a(libc_a-exit.o) (__call_exitprocs)
/opt/ST/STM32CubeCLT_1.16.0/GNU-tools-for-STM32/bin/../lib/gcc/arm-none-eabi/12.3.1/../../../../arm-none-eabi/lib/thumb/v7e-m/nofp/libg.a(libc_a-atexit.o)
                              /opt/ST/STM32CubeCLT_1.16.0/GNU-tools-for-STM32/bin/../lib/gcc/arm-none-eabi/12.3.1/../../../../arm-none-eabi/lib/thumb/v7e-m/nofp/libg.a(libc_a-__call_atexit.o) (atexit)
/opt/ST/STM32CubeCLT_1.16.0/GNU-tools-for-STM32/bin/../lib/gcc/arm-none-eabi/12.3.1/../../../../arm-none-eabi/lib/thumb/v7e-m/nofp/libg.a(libc_a-mallocr.o)
                              /opt/ST/STM32CubeCLT_1.16.0/GNU-tools-for-STM32/bin/../lib/gcc/arm-none-eabi/12.3.1/../../../../arm-none-eabi/lib/thumb/v7e-m/nofp/libg.a(libc_a-findfp.o) (_malloc_r)
/opt/ST/STM32CubeCLT_1.16.0/GNU-tools-for-STM32/bin/../lib/gcc/arm-none-eabi/12.3.1/../../../../arm-none-eabi/lib/thumb/v7e-m/nofp/libg.a(libc_a-mlock.o)
[...]
Memory Configuration

Name             Origin             Length             Attributes
RAM              0x20000000         0x00020000         xrw
FLASH            0x08000000         0x00080000         xr
*default*        0x00000000         0xffffffff

Linker script and memory map

LOAD /opt/ST/STM32CubeCLT_1.16.0/GNU-tools-for-STM32/bin/../lib/gcc/arm-none-eabi/12.3.1/thumb/v7e-m/nofp/crti.o
LOAD /opt/ST/STM32CubeCLT_1.16.0/GNU-tools-for-STM32/bin/../lib/gcc/arm-none-eabi/12.3.1/thumb/v7e-m/nofp/crtbegin.o
LOAD /opt/ST/STM32CubeCLT_1.16.0/GNU-tools-for-STM32/bin/../lib/gcc/arm-none-eabi/12.3.1/../../../../arm-none-eabi/lib/thumb/v7e-m/nofp/crt0.o
LOAD CMakeFiles/NucleoMotor.elf.dir/Core/Src/MotorDriver.c.obj
LOAD CMakeFiles/NucleoMotor.elf.dir/Core/Src/gpio.c.obj
LOAD CMakeFiles/NucleoMotor.elf.dir/Core/Src/main.c.obj
LOAD CMakeFiles/NucleoMotor.elf.dir/Core/Src/stm32f4xx_hal_msp.c.obj
LOAD CMakeFiles/NucleoMotor.elf.dir/Core/Src/stm32f4xx_it.c.obj
LOAD CMakeFiles/NucleoMotor.elf.dir/Core/Src/syscalls.c.obj
LOAD CMakeFiles/NucleoMotor.elf.dir/Core/Src/sysmem.c.obj
LOAD CMakeFiles/NucleoMotor.elf.dir/Core/Src/system_stm32f4xx.c.obj
LOAD CMakeFiles/NucleoMotor.elf.dir/Core/Src/tim.c.obj
LOAD CMakeFiles/NucleoMotor.elf.dir/Core/Src/usart.c.obj
LOAD CMakeFiles/NucleoMotor.elf.dir/Core/Startup/startup_stm32f446retx.s.obj
LOAD CMakeFiles/NucleoMotor.elf.dir/Drivers/STM32F4xx_HAL_Driver/Src/stm32f4xx_hal.c.obj
LOAD CMakeFiles/NucleoMotor.elf.dir/Drivers/STM32F4xx_HAL_Driver/Src/stm32f4xx_hal_cortex.c.obj
LOAD CMakeFiles/NucleoMotor.elf.dir/Drivers/STM32F4xx_HAL_Driver/Src/stm32f4xx_hal_dma.c.obj
LOAD CMakeFiles/NucleoMotor.elf.dir/Drivers/STM32F4xx_HAL_Driver/Src/stm32f4xx_hal_dma_ex.c.obj
LOAD CMakeFiles/NucleoMotor.elf.dir/Drivers/STM32F4xx_HAL_Driver/Src/stm32f4xx_hal_exti.c.obj
LOAD CMakeFiles/NucleoMotor.elf.dir/Drivers/STM32F4xx_HAL_Driver/Src/stm32f4xx_hal_flash.c.obj
LOAD CMakeFiles/NucleoMotor.elf.dir/Drivers/STM32F4xx_HAL_Driver/Src/stm32f4xx_hal_flash_ex.c.obj
LOAD CMakeFiles/NucleoMotor.elf.dir/Drivers/STM32F4xx_HAL_Driver/Src/stm32f4xx_hal_flash_ramfunc.c.obj
LOAD CMakeFiles/NucleoMotor.elf.dir/Drivers/STM32F4xx_HAL_Driver/Src/stm32f4xx_hal_gpio.c.obj
LOAD CMakeFiles/NucleoMotor.elf.dir/Drivers/STM32F4xx_HAL_Driver/Src/stm32f4xx_hal_pwr.c.obj
LOAD CMakeFiles/NucleoMotor.elf.dir/Drivers/STM32F4xx_HAL_Driver/Src/stm32f4xx_hal_pwr_ex.c.obj
LOAD CMakeFiles/NucleoMotor.elf.dir/Drivers/STM32F4xx_HAL_Driver/Src/stm32f4xx_hal_rcc.c.obj
LOAD CMakeFiles/NucleoMotor.elf.dir/Drivers/STM32F4xx_HAL_Driver/Src/stm32f4xx_hal_rcc_ex.c.obj
LOAD CMakeFiles/NucleoMotor.elf.dir/Drivers/STM32F4xx_HAL_Driver/Src/stm32f4xx_hal_tim.c.obj
LOAD CMakeFiles/NucleoMotor.elf.dir/Drivers/STM32F4xx_HAL_Driver/Src/stm32f4xx_hal_tim_ex.c.obj
LOAD CMakeFiles/NucleoMotor.elf.dir/Drivers/STM32F4xx_HAL_Driver/Src/stm32f4xx_hal_uart.c.obj
START GROUP
LOAD /opt/ST/STM32CubeCLT_1.16.0/GNU-tools-for-STM32/bin/../lib/gcc/arm-none-eabi/12.3.1/thumb/v7e-m/nofp/libgcc.a
LOAD /opt/ST/STM32CubeCLT_1.16.0/GNU-tools-for-STM32/bin/../lib/gcc/arm-none-eabi/12.3.1/../../../../arm-none-eabi/lib/thumb/v7e-m/nofp/libg.a
LOAD /opt/ST/STM32CubeCLT_1.16.0/GNU-tools-for-STM32/bin/../lib/gcc/arm-none-eabi/12.3.1/../../../../arm-none-eabi/lib/thumb/v7e-m/nofp/libc.a
END GROUP
LOAD /opt/ST/STM32CubeCLT_1.16.0/GNU-tools-for-STM32/bin/../lib/gcc/arm-none-eabi/12.3.1/thumb/v7e-m/nofp/crtend.o
LOAD /opt/ST/STM32CubeCLT_1.16.0/GNU-tools-for-STM32/bin/../lib/gcc/arm-none-eabi/12.3.1/thumb/v7e-m/nofp/crtn.o
                0x20020000                        _estack = (ORIGIN (RAM) + LENGTH (RAM))
                0x00000200                        _Min_Heap_Size = 0x200
                0x00000400                        _Min_Stack_Size = 0x400

.isr_vector     0x08000000      0x1c4
                0x08000000                        . = ALIGN (0x4)
 *(.isr_vector)
 .isr_vector    0x08000000      0x1c4 CMakeFiles/NucleoMotor.elf.dir/Core/Startup/startup_stm32f446retx.s.obj
                0x08000000                g_pfnVectors
                0x080001c4                        . = ALIGN (0x4)

.text           0x080001c4     0x23f4
                0x080001c4                        . = ALIGN (0x4)
 *(.text)
 .text          0x080001c4       0x40 /opt/ST/STM32CubeCLT_1.16.0/GNU-tools-for-STM32/bin/../lib/gcc/arm-none-eabi/12.3.1/thumb/v7e-m/nofp/crtbegin.o
 .text          0x08000204       0x30 /opt/ST/STM32CubeCLT_1.16.0/GNU-tools-for-STM32/bin/../lib/gcc/arm-none-eabi/12.3.1/thumb/v7e-m/nofp/libgcc.a(_aeabi_uldivmod.o)
                0x08000204                __aeabi_uldivmod
 .text          0x08000234      0x2bc /opt/ST/STM32CubeCLT_1.16.0/GNU-tools-for-STM32/bin/../lib/gcc/arm-none-eabi/12.3.1/thumb/v7e-m/nofp/libgcc.a(_udivmoddi4.o)
                0x08000234                __udivmoddi4
 .text          0x080004f0        0x4 /opt/ST/STM32CubeCLT_1.16.0/GNU-tools-for-STM32/bin/../lib/gcc/arm-none-eabi/12.3.1/thumb/v7e-m/nofp/libgcc.a(_dvmd_tls.o)
                0x080004f0                __aeabi_ldiv0
                0x080004f0                __aeabi_idiv0
 *(.text*)
 .text.MX_GPIO_Init
                0x080004f4       0xe8 CMakeFiles/NucleoMotor.elf.dir/Core/Src/gpio.c.obj
                0x080004f4                MX_GPIO_Init
 .text.Error_Handler
                0x080005dc        0x4 CMakeFiles/NucleoMotor.elf.dir/Core/Src/main.c.obj
                0x080005dc                Error_Handler
 .text.SystemClock_Config
                0x080005e0       0xa4 CMakeFiles/NucleoMotor.elf.dir/Core/Src/main.c.obj
                0x080005e0                SystemClock_Config
 .text.main     0x08000684       0x74 CMakeFiles/NucleoMotor.elf.dir/Core/Src/main.c.obj
                0x08000684                main
 .text.HAL_MspInit
                0x080006f8       0x40 CMakeFiles/NucleoMotor.elf.dir/Core/Src/stm32f4xx_hal_msp.c.obj
                0x080006f8                HAL_MspInit
 .text.NMI_Handler
                0x08000738        0x2 CMakeFiles/NucleoMotor.elf.dir/Core/Src/stm32f4xx_it.c.obj
                0x08000738                NMI_Handler
 .text.HardFault_Handler
                0x0800073a        0x2 CMakeFiles/NucleoMotor.elf.dir/Core/Src/stm32f4xx_it.c.obj
                0x0800073a                HardFault_Handler
 .text.MemManage_Handler
                0x0800073c        0x2 CMakeFiles/NucleoMotor.elf.dir/Core/Src/stm32f4xx_it.c.obj
                0x0800073c                MemManage_Handler
 .text.BusFault_Handler
                0x0800073e        0x2 CMakeFiles/NucleoMotor.elf.dir/Core/Src/stm32f4xx_it.c.obj
                0x0800073e                BusFault_Handler
 .text.UsageFault_Handler
                0x08000740        0x2 CMakeFiles/NucleoMotor.elf.dir/Core/Src/stm32f4xx_it.c.obj
                0x08000740                UsageFault_Handler
 .text.SVC_Handler
                0x08000742        0x2 CMakeFiles/NucleoMotor.elf.dir/Core/Src/stm32f4xx_it.c.obj
                0x08000742                SVC_Handler
 .text.DebugMon_Handler
                0x08000744        0x2 CMakeFiles/NucleoMotor.elf.dir/Core/Src/stm32f4xx_it.c.obj
                0x08000744                DebugMon_Handler
 .text.PendSV_Handler
                0x08000746        0x2 CMakeFiles/NucleoMotor.elf.dir/Core/Src/stm32f4xx_it.c.obj
                0x08000746                PendSV_Handler
 .text.SysTick_Handler
                0x08000748        0x8 CMakeFiles/NucleoMotor.elf.dir/Core/Src/stm32f4xx_it.c.obj
                0x08000748                SysTick_Handler
 .text.TIM1_BRK_TIM9_IRQHandler
                0x08000750       0x10 CMakeFiles/NucleoMotor.elf.dir/Core/Src/stm32f4xx_it.c.obj
                0x08000750                TIM1_BRK_TIM9_IRQHandler
 .text.TIM1_UP_TIM10_IRQHandler
                0x08000760       0x10 CMakeFiles/NucleoMotor.elf.dir/Core/Src/stm32f4xx_it.c.obj
                0x08000760                TIM1_UP_TIM10_IRQHandler
 .text.TIM1_TRG_COM_TIM11_IRQHandler
                0x08000770       0x10 CMakeFiles/NucleoMotor.elf.dir/Core/Src/stm32f4xx_it.c.obj
                0x08000770                TIM1_TRG_COM_TIM11_IRQHandler
 .text.TIM1_CC_IRQHandler
                0x08000780       0x10 CMakeFiles/NucleoMotor.elf.dir/Core/Src/stm32f4xx_it.c.obj
                0x08000780                TIM1_CC_IRQHandler
 .text.SystemInit
                0x08000790        0x2 CMakeFiles/NucleoMotor.elf.dir/Core/Src/system_stm32f4xx.c.obj
                0x08000790                SystemInit
 *fill*         0x08000792        0x2 
 .text.MX_TIM2_Init
                0x08000794       0x60 CMakeFiles/NucleoMotor.elf.dir/Core/Src/tim.c.obj
                0x08000794                MX_TIM2_Init
 .text.MX_TIM3_Init
                0x080007f4       0x64 CMakeFiles/NucleoMotor.elf.dir/Core/Src/tim.c.obj
                0x080007f4                MX_TIM3_Init
 .text.MX_TIM4_Init
                0x08000858       0x64 CMakeFiles/NucleoMotor.elf.dir/Core/Src/tim.c.obj
                0x08000858                MX_TIM4_Init
 .text.MX_TIM5_Init
                0x080008bc       0x64 CMakeFiles/NucleoMotor.elf.dir/Core/Src/tim.c.obj
                0x080008bc                MX_TIM5_Init
 .text.HAL_TIM_Base_MspInit
                0x08000920       0x70 CMakeFiles/NucleoMotor.elf.dir/Core/Src/tim.c.obj
                0x08000920                HAL_TIM_Base_MspInit
 .text.HAL_TIM_Encoder_MspInit
                0x08000990      0x1a4 CMakeFiles/NucleoMotor.elf.dir/Core/Src/tim.c.obj
                0x08000990                HAL_TIM_Encoder_MspInit
 .text.HAL_TIM_MspPostInit
                0x08000b34       0x5c CMakeFiles/NucleoMotor.elf.dir/Core/Src/tim.c.obj
                0x08000b34                HAL_TIM_MspPostInit
 .text.MX_TIM1_Init
                0x08000b90      0x134 CMakeFiles/NucleoMotor.elf.dir/Core/Src/tim.c.obj
                0x08000b90                MX_TIM1_Init
 .text.MX_USART3_UART_Init
                0x08000cc4       0x34 CMakeFiles/NucleoMotor.elf.dir/Core/Src/usart.c.obj
                0x08000cc4                MX_USART3_UART_Init
 .text.HAL_UART_MspInit
                0x08000cf8       0x9c CMakeFiles/NucleoMotor.elf.dir/Core/Src/usart.c.obj
                0x08000cf8                HAL_UART_MspInit
 .text.Reset_Handler
                0x08000d94       0x50 CMakeFiles/NucleoMotor.elf.dir/Core/Startup/startup_stm32f446retx.s.obj
                0x08000d94                Reset_Handler
 .text.Default_Handler
                0x08000de4        0x2 CMakeFiles/NucleoMotor.elf.dir/Core/Startup/startup_stm32f446retx.s.obj
                0x08000de4                DMA1_Stream3_IRQHandler
                0x08000de4                EXTI2_IRQHandler
                0x08000de4                TIM8_CC_IRQHandler
                0x08000de4                FMPI2C1_EV_IRQHandler
                0x08000de4                SPI4_IRQHandler
                0x08000de4                DMA2_Stream5_IRQHandler
                0x08000de4                DMA1_Stream5_IRQHandler
                0x08000de4                PVD_IRQHandler
                0x08000de4                SDIO_IRQHandler
                0x08000de4                TAMP_STAMP_IRQHandler
                0x08000de4                CAN2_RX1_IRQHandler
                0x08000de4                EXTI3_IRQHandler
                0x08000de4                TIM8_TRG_COM_TIM14_IRQHandler
                0x08000de4                TIM8_UP_TIM13_IRQHandler
                0x08000de4                I2C3_ER_IRQHandler
                0x08000de4                EXTI0_IRQHandler
                0x08000de4                I2C2_EV_IRQHandler
                0x08000de4                DMA1_Stream2_IRQHandler
                0x08000de4                CAN1_RX0_IRQHandler
                0x08000de4                FPU_IRQHandler
                0x08000de4                OTG_HS_WKUP_IRQHandler
                0x08000de4                CAN2_SCE_IRQHandler
                0x08000de4                DMA2_Stream2_IRQHandler
                0x08000de4                SPI1_IRQHandler
                0x08000de4                TIM6_DAC_IRQHandler
                0x08000de4                DCMI_IRQHandler
                0x08000de4                CAN2_RX0_IRQHandler
                0x08000de4                DMA2_Stream3_IRQHandler
                0x08000de4                SAI2_IRQHandler
                0x08000de4                USART6_IRQHandler
                0x08000de4                USART3_IRQHandler
                0x08000de4                CAN1_RX1_IRQHandler
                0x08000de4                UART5_IRQHandler
                0x08000de4                DMA2_Stream0_IRQHandler
                0x08000de4                TIM4_IRQHandler
                0x08000de4                QUADSPI_IRQHandler
                0x08000de4                I2C1_EV_IRQHandler
                0x08000de4                DMA1_Stream6_IRQHandler
                0x08000de4                DMA1_Stream1_IRQHandler
                0x08000de4                UART4_IRQHandler
                0x08000de4                TIM3_IRQHandler
                0x08000de4                RCC_IRQHandler
                0x08000de4                TIM8_BRK_TIM12_IRQHandler
                0x08000de4                Default_Handler
                0x08000de4                CEC_IRQHandler
                0x08000de4                EXTI15_10_IRQHandler
                0x08000de4                ADC_IRQHandler
                0x08000de4                DMA1_Stream7_IRQHandler
                0x08000de4                TIM7_IRQHandler
                0x08000de4                CAN2_TX_IRQHandler
                0x08000de4                TIM5_IRQHandler
                0x08000de4                DMA2_Stream7_IRQHandler
                0x08000de4                I2C3_EV_IRQHandler
                0x08000de4                EXTI9_5_IRQHandler
                0x08000de4                RTC_WKUP_IRQHandler
                0x08000de4                SPDIF_RX_IRQHandler
                0x08000de4                SPI2_IRQHandler
                0x08000de4                OTG_HS_EP1_IN_IRQHandler
                0x08000de4                DMA1_Stream0_IRQHandler
                0x08000de4                CAN1_TX_IRQHandler
                0x08000de4                FMPI2C1_ER_IRQHandler
                0x08000de4                EXTI4_IRQHandler
                0x08000de4                OTG_HS_EP1_OUT_IRQHandler
                0x08000de4                WWDG_IRQHandler
                0x08000de4                TIM2_IRQHandler
                0x08000de4                OTG_FS_WKUP_IRQHandler
                0x08000de4                OTG_HS_IRQHandler
                0x08000de4                EXTI1_IRQHandler
                0x08000de4                USART2_IRQHandler
                0x08000de4                I2C2_ER_IRQHandler
                0x08000de4                DMA2_Stream1_IRQHandler
                0x08000de4                CAN1_SCE_IRQHandler
                0x08000de4                FLASH_IRQHandler
                0x08000de4                DMA2_Stream4_IRQHandler
                0x08000de4                USART1_IRQHandler
                0x08000de4                OTG_FS_IRQHandler
                0x08000de4                SPI3_IRQHandler
                0x08000de4                DMA1_Stream4_IRQHandler
                0x08000de4                I2C1_ER_IRQHandler
                0x08000de4                FMC_IRQHandler
                0x08000de4                DMA2_Stream6_IRQHandler
                0x08000de4                SAI1_IRQHandler
                0x08000de4                RTC_Alarm_IRQHandler
 *fill*         0x08000de6        0x2 
 .text.HAL_InitTick
                0x08000de8       0x4c CMakeFiles/NucleoMotor.elf.dir/Drivers/STM32F4xx_HAL_Driver/Src/stm32f4xx_hal.c.obj
                0x08000de8                HAL_InitTick
 .text.HAL_Init
                0x08000e34       0x34 CMakeFiles/NucleoMotor.elf.dir/Drivers/STM32F4xx_HAL_Driver/Src/stm32f4xx_hal.c.obj
                0x08000e34                HAL_Init
 .text.HAL_IncTick
                0x08000e68       0x18 CMakeFiles/NucleoMotor.elf.dir/Drivers/STM32F4xx_HAL_Driver/Src/stm32f4xx_hal.c.obj
                0x08000e68                HAL_IncTick
 .text.HAL_GetTick
                0x08000e80        0xc CMakeFiles/NucleoMotor.elf.dir/Drivers/STM32F4xx_HAL_Driver/Src/stm32f4xx_hal.c.obj
                0x08000e80                HAL_GetTick
 .text.__NVIC_EnableIRQ
                0x08000e8c       0x1c CMakeFiles/NucleoMotor.elf.dir/Drivers/STM32F4xx_HAL_Driver/Src/stm32f4xx_hal_cortex.c.obj
 .text.__NVIC_SetPriority
                0x08000ea8       0x28 CMakeFiles/NucleoMotor.elf.dir/Drivers/STM32F4xx_HAL_Driver/Src/stm32f4xx_hal_cortex.c.obj
 .text.NVIC_EncodePriority
                0x08000ed0       0x3e CMakeFiles/NucleoMotor.elf.dir/Drivers/STM32F4xx_HAL_Driver/Src/stm32f4xx_hal_cortex.c.obj
 *fill*         0x08000f0e        0x2 
 .text.HAL_NVIC_SetPriorityGrouping
                0x08000f10       0x24 CMakeFiles/NucleoMotor.elf.dir/Drivers/STM32F4xx_HAL_Driver/Src/stm32f4xx_hal_cortex.c.obj
                0x08000f10                HAL_NVIC_SetPriorityGrouping
 .text.HAL_NVIC_SetPriority
                0x08000f34       0x20 CMakeFiles/NucleoMotor.elf.dir/Drivers/STM32F4xx_HAL_Driver/Src/stm32f4xx_hal_cortex.c.obj
                0x08000f34                HAL_NVIC_SetPriority
 .text.HAL_NVIC_EnableIRQ
                0x08000f54        0x8 CMakeFiles/NucleoMotor.elf.dir/Drivers/STM32F4xx_HAL_Driver/Src/stm32f4xx_hal_cortex.c.obj
                0x08000f54                HAL_NVIC_EnableIRQ
 .text.HAL_SYSTICK_Config
                0x08000f5c       0x28 CMakeFiles/NucleoMotor.elf.dir/Drivers/STM32F4xx_HAL_Driver/Src/stm32f4xx_hal_cortex.c.obj
                0x08000f5c                HAL_SYSTICK_Config
 .text.HAL_GPIO_Init
                0x08000f84      0x1e8 CMakeFiles/NucleoMotor.elf.dir/Drivers/STM32F4xx_HAL_Driver/Src/stm32f4xx_hal_gpio.c.obj
                0x08000f84                HAL_GPIO_Init
 .text.HAL_GPIO_WritePin
                0x0800116c        0xc CMakeFiles/NucleoMotor.elf.dir/Drivers/STM32F4xx_HAL_Driver/Src/stm32f4xx_hal_gpio.c.obj
                0x0800116c                HAL_GPIO_WritePin
 .text.HAL_RCC_ClockConfig
                0x08001178      0x160 CMakeFiles/NucleoMotor.elf.dir/Drivers/STM32F4xx_HAL_Driver/Src/stm32f4xx_hal_rcc.c.obj
                0x08001178                HAL_RCC_ClockConfig
 .text.HAL_RCC_GetHCLKFreq
                0x080012d8        0xc CMakeFiles/NucleoMotor.elf.dir/Drivers/STM32F4xx_HAL_Driver/Src/stm32f4xx_hal_rcc.c.obj
                0x080012d8                HAL_RCC_GetHCLKFreq
 .text.HAL_RCC_GetPCLK1Freq
                0x080012e4       0x20 CMakeFiles/NucleoMotor.elf.dir/Drivers/STM32F4xx_HAL_Driver/Src/stm32f4xx_hal_rcc.c.obj
                0x080012e4                HAL_RCC_GetPCLK1Freq
 .text.HAL_RCC_GetPCLK2Freq
                0x08001304       0x20 CMakeFiles/NucleoMotor.elf.dir/Drivers/STM32F4xx_HAL_Driver/Src/stm32f4xx_hal_rcc.c.obj
                0x08001304                HAL_RCC_GetPCLK2Freq
 .text.HAL_RCC_GetSysClockFreq
                0x08001324      0x190 CMakeFiles/NucleoMotor.elf.dir/Drivers/STM32F4xx_HAL_Driver/Src/stm32f4xx_hal_rcc_ex.c.obj
                0x08001324                HAL_RCC_GetSysClockFreq
 .text.HAL_RCC_OscConfig
                0x080014b4      0x444 CMakeFiles/NucleoMotor.elf.dir/Drivers/STM32F4xx_HAL_Driver/Src/stm32f4xx_hal_rcc_ex.c.obj
                0x080014b4                HAL_RCC_OscConfig
 .text.TIM_OC1_SetConfig
                0x080018f8       0x70 CMakeFiles/NucleoMotor.elf.dir/Drivers/STM32F4xx_HAL_Driver/Src/stm32f4xx_hal_tim.c.obj
 .text.TIM_OC3_SetConfig
                0x08001968       0x70 CMakeFiles/NucleoMotor.elf.dir/Drivers/STM32F4xx_HAL_Driver/Src/stm32f4xx_hal_tim.c.obj
 .text.TIM_OC4_SetConfig
                0x080019d8       0x50 CMakeFiles/NucleoMotor.elf.dir/Drivers/STM32F4xx_HAL_Driver/Src/stm32f4xx_hal_tim.c.obj
 .text.TIM_TI1_ConfigInputStage
                0x08001a28       0x24 CMakeFiles/NucleoMotor.elf.dir/Drivers/STM32F4xx_HAL_Driver/Src/stm32f4xx_hal_tim.c.obj
 .text.TIM_TI2_ConfigInputStage
                0x08001a4c       0x26 CMakeFiles/NucleoMotor.elf.dir/Drivers/STM32F4xx_HAL_Driver/Src/stm32f4xx_hal_tim.c.obj
 .text.TIM_ITRx_SetConfig
                0x08001a72       0x10 CMakeFiles/NucleoMotor.elf.dir/Drivers/STM32F4xx_HAL_Driver/Src/stm32f4xx_hal_tim.c.obj
 *fill*         0x08001a82        0x2 
 .text.HAL_TIM_Base_Start
                0x08001a84       0x7c CMakeFiles/NucleoMotor.elf.dir/Drivers/STM32F4xx_HAL_Driver/Src/stm32f4xx_hal_tim.c.obj
                0x08001a84                HAL_TIM_Base_Start
 .text.HAL_TIM_PWM_MspInit
                0x08001b00        0x2 CMakeFiles/NucleoMotor.elf.dir/Drivers/STM32F4xx_HAL_Driver/Src/stm32f4xx_hal_tim.c.obj
                0x08001b00                HAL_TIM_PWM_MspInit
 .text.HAL_TIM_PeriodElapsedCallback
                0x08001b02        0x2 CMakeFiles/NucleoMotor.elf.dir/Drivers/STM32F4xx_HAL_Driver/Src/stm32f4xx_hal_tim.c.obj
                0x08001b02                HAL_TIM_PeriodElapsedCallback
 .text.HAL_TIM_OC_DelayElapsedCallback
                0x08001b04        0x2 CMakeFiles/NucleoMotor.elf.dir/Drivers/STM32F4xx_HAL_Driver/Src/stm32f4xx_hal_tim.c.obj
                0x08001b04                HAL_TIM_OC_DelayElapsedCallback
 .text.HAL_TIM_IC_CaptureCallback
                0x08001b06        0x2 CMakeFiles/NucleoMotor.elf.dir/Drivers/STM32F4xx_HAL_Driver/Src/stm32f4xx_hal_tim.c.obj
                0x08001b06                HAL_TIM_IC_CaptureCallback
 .text.HAL_TIM_PWM_PulseFinishedCallback
                0x08001b08        0x2 CMakeFiles/NucleoMotor.elf.dir/Drivers/STM32F4xx_HAL_Driver/Src/stm32f4xx_hal_tim.c.obj
                0x08001b08                HAL_TIM_PWM_PulseFinishedCallback
 .text.HAL_TIM_TriggerCallback
                0x08001b0a        0x2 CMakeFiles/NucleoMotor.elf.dir/Drivers/STM32F4xx_HAL_Driver/Src/stm32f4xx_hal_tim.c.obj
                0x08001b0a                HAL_TIM_TriggerCallback
 .text.HAL_TIM_IRQHandler
                0x08001b0c      0x15e CMakeFiles/NucleoMotor.elf.dir/Drivers/STM32F4xx_HAL_Driver/Src/stm32f4xx_hal_tim.c.obj
                0x08001b0c                HAL_TIM_IRQHandler
 *fill*         0x08001c6a        0x2 
 .text.TIM_Base_SetConfig
                0x08001c6c       0xd0 CMakeFiles/NucleoMotor.elf.dir/Drivers/STM32F4xx_HAL_Driver/Src/stm32f4xx_hal_tim.c.obj
                0x08001c6c                TIM_Base_SetConfig
 .text.HAL_TIM_Base_Init
                0x08001d3c       0x58 CMakeFiles/NucleoMotor.elf.dir/Drivers/STM32F4xx_HAL_Driver/Src/stm32f4xx_hal_tim.c.obj
                0x08001d3c                HAL_TIM_Base_Init
 .text.HAL_TIM_PWM_Init
                0x08001d94       0x58 CMakeFiles/NucleoMotor.elf.dir/Drivers/STM32F4xx_HAL_Driver/Src/stm32f4xx_hal_tim.c.obj
                0x08001d94                HAL_TIM_PWM_Init
 .text.HAL_TIM_Encoder_Init
                0x08001dec       0xb6 CMakeFiles/NucleoMotor.elf.dir/Drivers/STM32F4xx_HAL_Driver/Src/stm32f4xx_hal_tim.c.obj
                0x08001dec                HAL_TIM_Encoder_Init
 *fill*         0x08001ea2        0x2 
 .text.TIM_OC2_SetConfig
                0x08001ea4       0x70 CMakeFiles/NucleoMotor.elf.dir/Drivers/STM32F4xx_HAL_Driver/Src/stm32f4xx_hal_tim.c.obj
                0x08001ea4                TIM_OC2_SetConfig
 .text.HAL_TIM_PWM_ConfigChannel
                0x08001f14       0xdc CMakeFiles/NucleoMotor.elf.dir/Drivers/STM32F4xx_HAL_Driver/Src/stm32f4xx_hal_tim.c.obj
                0x08001f14                HAL_TIM_PWM_ConfigChannel
 .text.TIM_ETR_SetConfig
                0x08001ff0       0x18 CMakeFiles/NucleoMotor.elf.dir/Drivers/STM32F4xx_HAL_Driver/Src/stm32f4xx_hal_tim.c.obj
                0x08001ff0                TIM_ETR_SetConfig
 .text.HAL_TIM_ConfigClockSource
                0x08002008       0xfe CMakeFiles/NucleoMotor.elf.dir/Drivers/STM32F4xx_HAL_Driver/Src/stm32f4xx_hal_tim.c.obj
                0x08002008                HAL_TIM_ConfigClockSource
 .text.TIM_CCxChannelCmd
                0x08002106       0x1e CMakeFiles/NucleoMotor.elf.dir/Drivers/STM32F4xx_HAL_Driver/Src/stm32f4xx_hal_tim.c.obj
                0x08002106                TIM_CCxChannelCmd
 .text.HAL_TIM_PWM_Start
                0x08002124      0x104 CMakeFiles/NucleoMotor.elf.dir/Drivers/STM32F4xx_HAL_Driver/Src/stm32f4xx_hal_tim.c.obj
                0x08002124                HAL_TIM_PWM_Start
 .text.HAL_TIMEx_MasterConfigSynchronization
                0x08002228       0x8c CMakeFiles/NucleoMotor.elf.dir/Drivers/STM32F4xx_HAL_Driver/Src/stm32f4xx_hal_tim_ex.c.obj
                0x08002228                HAL_TIMEx_MasterConfigSynchronization
 .text.HAL_TIMEx_ConfigBreakDeadTime
                0x080022b4       0x52 CMakeFiles/NucleoMotor.elf.dir/Drivers/STM32F4xx_HAL_Driver/Src/stm32f4xx_hal_tim_ex.c.obj
                0x080022b4                HAL_TIMEx_ConfigBreakDeadTime
 .text.HAL_TIMEx_CommutCallback
                0x08002306        0x2 CMakeFiles/NucleoMotor.elf.dir/Drivers/STM32F4xx_HAL_Driver/Src/stm32f4xx_hal_tim_ex.c.obj
                0x08002306                HAL_TIMEx_CommutCallback
 .text.HAL_TIMEx_BreakCallback
                0x08002308        0x2 CMakeFiles/NucleoMotor.elf.dir/Drivers/STM32F4xx_HAL_Driver/Src/stm32f4xx_hal_tim_ex.c.obj
                0x08002308                HAL_TIMEx_BreakCallback
 *fill*         0x0800230a        0x2 
 .text.UART_SetConfig
                0x0800230c      0x110 CMakeFiles/NucleoMotor.elf.dir/Drivers/STM32F4xx_HAL_Driver/Src/stm32f4xx_hal_uart.c.obj
 .text.HAL_UART_Init
                0x0800241c       0x60 CMakeFiles/NucleoMotor.elf.dir/Drivers/STM32F4xx_HAL_Driver/Src/stm32f4xx_hal_uart.c.obj
                0x0800241c                HAL_UART_Init
 .text.memset   0x0800247c       0x10 /opt/ST/STM32CubeCLT_1.16.0/GNU-tools-for-STM32/bin/../lib/gcc/arm-none-eabi/12.3.1/../../../../arm-none-eabi/lib/thumb/v7e-m/nofp/libg.a(libc_a-memset.o)
                0x0800247c                memset
 .text.__libc_init_array
                0x0800248c       0x48 /opt/ST/STM32CubeCLT_1.16.0/GNU-tools-for-STM32/bin/../lib/gcc/arm-none-eabi/12.3.1/../../../../arm-none-eabi/lib/thumb/v7e-m/nofp/libg.a(libc_a-init.o)
                0x0800248c                __libc_init_array
 .text.__retarget_lock_acquire_recursive
                0x080024d4        0x2 /opt/ST/STM32CubeCLT_1.16.0/GNU-tools-for-STM32/bin/../lib/gcc/arm-none-eabi/12.3.1/../../../../arm-none-eabi/lib/thumb/v7e-m/nofp/libg.a(libc_a-lock.o)
                0x080024d4                __retarget_lock_acquire_recursive
 .text.__retarget_lock_release_recursive
                0x080024d6        0x2 /opt/ST/STM32CubeCLT_1.16.0/GNU-tools-for-STM32/bin/../lib/gcc/arm-none-eabi/12.3.1/../../../../arm-none-eabi/lib/thumb/v7e-m/nofp/libg.a(libc_a-lock.o)
                0x080024d6                __retarget_lock_release_recursive
 .text.startup.register_fini
                0x080024d8       0x14 /opt/ST/STM32CubeCLT_1.16.0/GNU-tools-for-STM32/bin/../lib/gcc/arm-none-eabi/12.3.1/../../../../arm-none-eabi/lib/thumb/v7e-m/nofp/libg.a(libc_a-__call_atexit.o)
 .text.atexit   0x080024ec        0xc /opt/ST/STM32CubeCLT_1.16.0/GNU-tools-for-STM32/bin/../lib/gcc/arm-none-eabi/12.3.1/../../../../arm-none-eabi/lib/thumb/v7e-m/nofp/libg.a(libc_a-atexit.o)
                0x080024ec                atexit
 .text.__libc_fini_array
                0x080024f8       0x28 /opt/ST/STM32CubeCLT_1.16.0/GNU-tools-for-STM32/bin/../lib/gcc/arm-none-eabi/12.3.1/../../../../arm-none-eabi/lib/thumb/v7e-m/nofp/libg.a(libc_a-fini.o)
                0x080024f8                __libc_fini_array
 .text.__register_exitproc
                0x08002520       0x80 /opt/ST/STM32CubeCLT_1.16.0/GNU-tools-for-STM32/bin/../lib/gcc/arm-none-eabi/12.3.1/../../../../arm-none-eabi/lib/thumb/v7e-m/nofp/libg.a(libc_a-__atexit.o)
                0x08002520                __register_exitproc
 *(.glue_7)
 .glue_7        0x080025a0        0x0 linker stubs
 *(.glue_7t)
 .glue_7t       0x080025a0        0x0 linker stubs
 *(.eh_frame)
 .eh_frame      0x080025a0        0x0 /opt/ST/STM32CubeCLT_1.16.0/GNU-tools-for-STM32/bin/../lib/gcc/arm-none-eabi/12.3.1/thumb/v7e-m/nofp/crtbegin.o
 *(.init)
 .init          0x080025a0        0x4 /opt/ST/STM32CubeCLT_1.16.0/GNU-tools-for-STM32/bin/../lib/gcc/arm-none-eabi/12.3.1/thumb/v7e-m/nofp/crti.o
                0x080025a0                _init
 .init          0x080025a4        0x8 /opt/ST/STM32CubeCLT_1.16.0/GNU-tools-for-STM32/bin/../lib/gcc/arm-none-eabi/12.3.1/thumb/v7e-m/nofp/crtn.o
 *(.fini)
 .fini          0x080025ac        0x4 /opt/ST/STM32CubeCLT_1.16.0/GNU-tools-for-STM32/bin/../lib/gcc/arm-none-eabi/12.3.1/thumb/v7e-m/nofp/crti.o
                0x080025ac                _fini
 .fini          0x080025b0        0x8 /opt/ST/STM32CubeCLT_1.16.0/GNU-tools-for-STM32/bin/../lib/gcc/arm-none-eabi/12.3.1/thumb/v7e-m/nofp/crtn.o
                0x080025b8                        . = ALIGN (0x4)
                0x080025b8                        _etext = .

.vfp11_veneer   0x080025b8        0x0
 .vfp11_veneer  0x080025b8        0x0 linker stubs

.v4_bx          0x080025b8        0x0
 .v4_bx         0x080025b8        0x0 linker stubs

.iplt           0x080025b8        0x0
 .iplt          0x080025b8        0x0 /opt/ST/STM32CubeCLT_1.16.0/GNU-tools-for-STM32/bin/../lib/gcc/arm-none-eabi/12.3.1/thumb/v7e-m/nofp/crtbegin.o

.rodata         0x080025b8       0x18
                0x080025b8                        . = ALIGN (0x4)
 *(.rodata)
 *(.rodata*)
 .rodata.APBPrescTable
                0x080025b8        0x8 CMakeFiles/NucleoMotor.elf.dir/Core/Src/system_stm32f4xx.c.obj
                0x080025b8                APBPrescTable
 .rodata.AHBPrescTable
                0x080025c0       0x10 CMakeFiles/NucleoMotor.elf.dir/Core/Src/system_stm32f4xx.c.obj
                0x080025c0                AHBPrescTable
                0x080025d0                        . = ALIGN (0x4)

.ARM.extab      0x080025d0        0x0
                0x080025d0                        . = ALIGN (0x4)
 *(.ARM.extab* .gnu.linkonce.armextab.*)
                0x080025d0                        . = ALIGN (0x4)

.ARM            0x080025d0        0x8
                0x080025d0                        . = ALIGN (0x4)
                0x080025d0                        __exidx_start = .
 *(.ARM.exidx*)
 .ARM.exidx     0x080025d0        0x8 /opt/ST/STM32CubeCLT_1.16.0/GNU-tools-for-STM32/bin/../lib/gcc/arm-none-eabi/12.3.1/thumb/v7e-m/nofp/libgcc.a(_udivmoddi4.o)
                0x080025d8                        __exidx_end = .
                0x080025d8                        . = ALIGN (0x4)

.preinit_array  0x080025d8        0x0
                0x080025d8                        . = ALIGN (0x4)
                0x080025d8                        PROVIDE (__preinit_array_start = .)
 *(.preinit_array*)
                0x080025d8                        PROVIDE (__preinit_array_end = .)
                0x080025d8                        . = ALIGN (0x4)

.init_array     0x080025d8        0x8
                0x080025d8                        . = ALIGN (0x4)
                0x080025d8                        PROVIDE (__init_array_start = .)
 *(SORT_BY_NAME(.init_array.*))
 .init_array.00000
                0x080025d8        0x4 /opt/ST/STM32CubeCLT_1.16.0/GNU-tools-for-STM32/bin/../lib/gcc/arm-none-eabi/12.3.1/../../../../arm-none-eabi/lib/thumb/v7e-m/nofp/libg.a(libc_a-__call_atexit.o)
 *(.init_array*)
 .init_array    0x080025dc        0x4 /opt/ST/STM32CubeCLT_1.16.0/GNU-tools-for-STM32/bin/../lib/gcc/arm-none-eabi/12.3.1/thumb/v7e-m/nofp/crtbegin.o
                0x080025e0                        PROVIDE (__init_array_end = .)
                0x080025e0                        . = ALIGN (0x4)

.fini_array     0x080025e0        0x4
                0x080025e0                        . = ALIGN (0x4)
                0x080025e0                        PROVIDE (__fini_array_start = .)
 *(SORT_BY_NAME(.fini_array.*))
 *(.fini_array*)
 .fini_array    0x080025e0        0x4 /opt/ST/STM32CubeCLT_1.16.0/GNU-tools-for-STM32/bin/../lib/gcc/arm-none-eabi/12.3.1/thumb/v7e-m/nofp/crtbegin.o
                0x080025e4                        PROVIDE (__fini_array_end = .)
                0x080025e4                        . = ALIGN (0x4)
                0x080025e4                        _sidata = LOADADDR (.data)

.rel.dyn        0x080025e4        0x0
 .rel.iplt      0x080025e4        0x0 /opt/ST/STM32CubeCLT_1.16.0/GNU-tools-for-STM32/bin/../lib/gcc/arm-none-eabi/12.3.1/thumb/v7e-m/nofp/crtbegin.o

.data           0x20000000       0x10 load address 0x080025e4
                0x20000000                        . = ALIGN (0x4)
                0x20000000                        _sdata = .
 *(.data)
 *(.data*)
 .data.SystemCoreClock
                0x20000000        0x4 CMakeFiles/NucleoMotor.elf.dir/Core/Src/system_stm32f4xx.c.obj
                0x20000000                SystemCoreClock
 .data.uwTickFreq
                0x20000004        0x1 CMakeFiles/NucleoMotor.elf.dir/Drivers/STM32F4xx_HAL_Driver/Src/stm32f4xx_hal.c.obj
                0x20000004                uwTickFreq
 *fill*         0x20000005        0x3 
 .data.uwTickPrio
                0x20000008        0x4 CMakeFiles/NucleoMotor.elf.dir/Drivers/STM32F4xx_HAL_Driver/Src/stm32f4xx_hal.c.obj
                0x20000008                uwTickPrio
 .data.__atexit_recursive_mutex
                0x2000000c        0x4 /opt/ST/STM32CubeCLT_1.16.0/GNU-tools-for-STM32/bin/../lib/gcc/arm-none-eabi/12.3.1/../../../../arm-none-eabi/lib/thumb/v7e-m/nofp/libg.a(libc_a-__call_atexit.o)
                0x2000000c                __atexit_recursive_mutex
 *(.RamFunc)
 *(.RamFunc*)
                0x20000010                        . = ALIGN (0x4)
                0x20000010                        _edata = .

.igot.plt       0x20000010        0x0 load address 0x080025f4
 .igot.plt      0x20000010        0x0 /opt/ST/STM32CubeCLT_1.16.0/GNU-tools-for-STM32/bin/../lib/gcc/arm-none-eabi/12.3.1/thumb/v7e-m/nofp/crtbegin.o
                0x20000010                        . = ALIGN (0x4)

.bss            0x20000010      0x368 load address 0x080025f4
                0x20000010                        _sbss = .
                0x20000010                        __bss_start__ = _sbss
 *(.bss)
 .bss           0x20000010       0x1c /opt/ST/STM32CubeCLT_1.16.0/GNU-tools-for-STM32/bin/../lib/gcc/arm-none-eabi/12.3.1/thumb/v7e-m/nofp/crtbegin.o
 *(.bss*)
 .bss.htim5     0x2000002c       0x48 CMakeFiles/NucleoMotor.elf.dir/Core/Src/tim.c.obj
                0x2000002c                htim5
 .bss.htim4     0x20000074       0x48 CMakeFiles/NucleoMotor.elf.dir/Core/Src/tim.c.obj
                0x20000074                htim4
 .bss.htim3     0x200000bc       0x48 CMakeFiles/NucleoMotor.elf.dir/Core/Src/tim.c.obj
                0x200000bc                htim3
 .bss.htim2     0x20000104       0x48 CMakeFiles/NucleoMotor.elf.dir/Core/Src/tim.c.obj
                0x20000104                htim2
 .bss.htim1     0x2000014c       0x48 CMakeFiles/NucleoMotor.elf.dir/Core/Src/tim.c.obj
                0x2000014c                htim1
 .bss.huart3    0x20000194       0x48 CMakeFiles/NucleoMotor.elf.dir/Core/Src/usart.c.obj
                0x20000194                huart3
 .bss.uwTick    0x200001dc        0x4 CMakeFiles/NucleoMotor.elf.dir/Drivers/STM32F4xx_HAL_Driver/Src/stm32f4xx_hal.c.obj
                0x200001dc                uwTick
 .bss.__lock___atexit_recursive_mutex
                0x200001e0        0x1 /opt/ST/STM32CubeCLT_1.16.0/GNU-tools-for-STM32/bin/../lib/gcc/arm-none-eabi/12.3.1/../../../../arm-none-eabi/lib/thumb/v7e-m/nofp/libg.a(libc_a-lock.o)
                0x200001e0                __lock___atexit_recursive_mutex
 *fill*         0x200001e1        0x3 
 .bss.__atexit  0x200001e4        0x4 /opt/ST/STM32CubeCLT_1.16.0/GNU-tools-for-STM32/bin/../lib/gcc/arm-none-eabi/12.3.1/../../../../arm-none-eabi/lib/thumb/v7e-m/nofp/libg.a(libc_a-__call_atexit.o)
                0x200001e4                __atexit
 .bss.__atexit0
                0x200001e8      0x190 /opt/ST/STM32CubeCLT_1.16.0/GNU-tools-for-STM32/bin/../lib/gcc/arm-none-eabi/12.3.1/../../../../arm-none-eabi/lib/thumb/v7e-m/nofp/libg.a(libc_a-__atexit.o)
                0x200001e8                __atexit0
 *(COMMON)
                0x20000378                        . = ALIGN (0x4)
                0x20000378                        _ebss = .
                0x20000378                        __bss_end__ = _ebss

._user_heap_stack
                0x20000378      0x600 load address 0x080025f4
                0x20000378                        . = ALIGN (0x8)
                [!provide]                        PROVIDE (end = .)
                0x20000378                        PROVIDE (_end = .)
                0x20000578                        . = (. + _Min_Heap_Size)
 *fill*         0x20000378      0x200 
                0x20000978                        . = (. + _Min_Stack_Size)
 *fill*         0x20000578      0x400 
                0x20000978                        . = ALIGN (0x8)

/DISCARD/
 libc.a(*)
 libm.a(*)
 libgcc.a(*)

.ARM.attributes
                0x00000000       0x2a
 *(.ARM.attributes)
 .ARM.attributes
                0x00000000       0x1e /opt/ST/STM32CubeCLT_1.16.0/GNU-tools-for-STM32/bin/../lib/gcc/arm-none-eabi/12.3.1/thumb/v7e-m/nofp/crti.o
 .ARM.attributes
                0x0000001e       0x2e /opt/ST/STM32CubeCLT_1.16.0/GNU-tools-for-STM32/bin/../lib/gcc/arm-none-eabi/12.3.1/thumb/v7e-m/nofp/crtbegin.o
 .ARM.attributes
                0x0000004c       0x2e CMakeFiles/NucleoMotor.elf.dir/Core/Src/gpio.c.obj
 .ARM.attributes
                0x0000007a       0x2e CMakeFiles/NucleoMotor.elf.dir/Core/Src/main.c.obj
 .ARM.attributes
                0x000000a8       0x2e CMakeFiles/NucleoMotor.elf.dir/Core/Src/stm32f4xx_hal_msp.c.obj
 .ARM.attributes
                0x000000d6       0x2e CMakeFiles/NucleoMotor.elf.dir/Core/Src/stm32f4xx_it.c.obj
 .ARM.attributes
                0x00000104       0x2e CMakeFiles/NucleoMotor.elf.dir/Core/Src/system_stm32f4xx.c.obj
 .ARM.attributes
                0x00000132       0x2e CMakeFiles/NucleoMotor.elf.dir/Core/Src/tim.c.obj
 .ARM.attributes
                0x00000160       0x2e CMakeFiles/NucleoMotor.elf.dir/Core/Src/usart.c.obj
 .ARM.attributes
                0x0000018e       0x21 CMakeFiles/NucleoMotor.elf.dir/Core/Startup/startup_stm32f446retx.s.obj
 .ARM.attributes
                0x000001af       0x2e CMakeFiles/NucleoMotor.elf.dir/Drivers/STM32F4xx_HAL_Driver/Src/stm32f4xx_hal.c.obj
 .ARM.attributes
                0x000001dd       0x2e CMakeFiles/NucleoMotor.elf.dir/Drivers/STM32F4xx_HAL_Driver/Src/stm32f4xx_hal_cortex.c.obj
 .ARM.attributes
                0x0000020b       0x2e CMakeFiles/NucleoMotor.elf.dir/Drivers/STM32F4xx_HAL_Driver/Src/stm32f4xx_hal_gpio.c.obj
 .ARM.attributes
                0x00000239       0x2e CMakeFiles/NucleoMotor.elf.dir/Drivers/STM32F4xx_HAL_Driver/Src/stm32f4xx_hal_rcc.c.obj
 .ARM.attributes
                0x00000267       0x2e CMakeFiles/NucleoMotor.elf.dir/Drivers/STM32F4xx_HAL_Driver/Src/stm32f4xx_hal_rcc_ex.c.obj
 .ARM.attributes
                0x00000295       0x2e CMakeFiles/NucleoMotor.elf.dir/Drivers/STM32F4xx_HAL_Driver/Src/stm32f4xx_hal_tim.c.obj
 .ARM.attributes
                0x000002c3       0x2e CMakeFiles/NucleoMotor.elf.dir/Drivers/STM32F4xx_HAL_Driver/Src/stm32f4xx_hal_tim_ex.c.obj
 .ARM.attributes
                0x000002f1       0x2e CMakeFiles/NucleoMotor.elf.dir/Drivers/STM32F4xx_HAL_Driver/Src/stm32f4xx_hal_uart.c.obj
 .ARM.attributes
                0x0000031f       0x1e /opt/ST/STM32CubeCLT_1.16.0/GNU-tools-for-STM32/bin/../lib/gcc/arm-none-eabi/12.3.1/thumb/v7e-m/nofp/libgcc.a(_aeabi_uldivmod.o)
 .ARM.attributes
                0x0000033d       0x2e /opt/ST/STM32CubeCLT_1.16.0/GNU-tools-for-STM32/bin/../lib/gcc/arm-none-eabi/12.3.1/thumb/v7e-m/nofp/libgcc.a(_udivmoddi4.o)
 .ARM.attributes
                0x0000036b       0x1e /opt/ST/STM32CubeCLT_1.16.0/GNU-tools-for-STM32/bin/../lib/gcc/arm-none-eabi/12.3.1/thumb/v7e-m/nofp/libgcc.a(_dvmd_tls.o)
 .ARM.attributes
                0x00000389       0x2e /opt/ST/STM32CubeCLT_1.16.0/GNU-tools-for-STM32/bin/../lib/gcc/arm-none-eabi/12.3.1/../../../../arm-none-eabi/lib/thumb/v7e-m/nofp/libg.a(libc_a-memset.o)
 .ARM.attributes
                0x000003b7       0x2e /opt/ST/STM32CubeCLT_1.16.0/GNU-tools-for-STM32/bin/../lib/gcc/arm-none-eabi/12.3.1/../../../../arm-none-eabi/lib/thumb/v7e-m/nofp/libg.a(libc_a-init.o)
 .ARM.attributes
                0x000003e5       0x2e /opt/ST/STM32CubeCLT_1.16.0/GNU-tools-for-STM32/bin/../lib/gcc/arm-none-eabi/12.3.1/../../../../arm-none-eabi/lib/thumb/v7e-m/nofp/libg.a(libc_a-lock.o)
 .ARM.attributes
                0x00000413       0x2e /opt/ST/STM32CubeCLT_1.16.0/GNU-tools-for-STM32/bin/../lib/gcc/arm-none-eabi/12.3.1/../../../../arm-none-eabi/lib/thumb/v7e-m/nofp/libg.a(libc_a-__call_atexit.o)
 .ARM.attributes
                0x00000441       0x2e /opt/ST/STM32CubeCLT_1.16.0/GNU-tools-for-STM32/bin/../lib/gcc/arm-none-eabi/12.3.1/../../../../arm-none-eabi/lib/thumb/v7e-m/nofp/libg.a(libc_a-atexit.o)
 .ARM.attributes
                0x0000046f       0x2e /opt/ST/STM32CubeCLT_1.16.0/GNU-tools-for-STM32/bin/../lib/gcc/arm-none-eabi/12.3.1/../../../../arm-none-eabi/lib/thumb/v7e-m/nofp/libg.a(libc_a-fini.o)
 .ARM.attributes
                0x0000049d       0x2e /opt/ST/STM32CubeCLT_1.16.0/GNU-tools-for-STM32/bin/../lib/gcc/arm-none-eabi/12.3.1/../../../../arm-none-eabi/lib/thumb/v7e-m/nofp/libg.a(libc_a-__atexit.o)
 .ARM.attributes
                0x000004cb       0x1e /opt/ST/STM32CubeCLT_1.16.0/GNU-tools-for-STM32/bin/../lib/gcc/arm-none-eabi/12.3.1/thumb/v7e-m/nofp/crtn.o
OUTPUT(NucleoMotor.elf elf32-littlearm)
LOAD linker stubs
LOAD /opt/ST/STM32CubeCLT_1.16.0/GNU-tools-for-STM32/bin/../lib/gcc/arm-none-eabi/12.3.1/../../../../arm-none-eabi/lib/thumb/v7e-m/nofp/libc.a
LOAD /opt/ST/STM32CubeCLT_1.16.0/GNU-tools-for-STM32/bin/../lib/gcc/arm-none-eabi/12.3.1/../../../../arm-none-eabi/lib/thumb/v7e-m/nofp/libm.a
LOAD /opt/ST/STM32CubeCLT_1.16.0/GNU-tools-for-STM32/bin/../lib/gcc/arm-none-eabi/12.3.1/thumb/v7e-m/nofp/libgcc.a

.debug_info     0x00000000    0x11d32
 .debug_info    0x00000000      0x4f9 CMakeFiles/NucleoMotor.elf.dir/Core/Src/gpio.c.obj
 .debug_info    0x000004f9      0xda5 CMakeFiles/NucleoMotor.elf.dir/Core/Src/main.c.obj
 .debug_info    0x0000129e      0x2bb CMakeFiles/NucleoMotor.elf.dir/Core/Src/stm32f4xx_hal_msp.c.obj
 .debug_info    0x00001559      0x753 CMakeFiles/NucleoMotor.elf.dir/Core/Src/stm32f4xx_it.c.obj
 .debug_info    0x00001cac      0x364 CMakeFiles/NucleoMotor.elf.dir/Core/Src/system_stm32f4xx.c.obj
 .debug_info    0x00002010     0x18af CMakeFiles/NucleoMotor.elf.dir/Core/Src/tim.c.obj
 .debug_info    0x000038bf      0xa01 CMakeFiles/NucleoMotor.elf.dir/Core/Src/usart.c.obj
 .debug_info    0x000042c0       0x30 CMakeFiles/NucleoMotor.elf.dir/Core/Startup/startup_stm32f446retx.s.obj
 .debug_info    0x000042f0      0xa38 CMakeFiles/NucleoMotor.elf.dir/Drivers/STM32F4xx_HAL_Driver/Src/stm32f4xx_hal.c.obj
 .debug_info    0x00004d28      0xfd9 CMakeFiles/NucleoMotor.elf.dir/Drivers/STM32F4xx_HAL_Driver/Src/stm32f4xx_hal_cortex.c.obj
 .debug_info    0x00005d01      0x74c CMakeFiles/NucleoMotor.elf.dir/Drivers/STM32F4xx_HAL_Driver/Src/stm32f4xx_hal_gpio.c.obj
 .debug_info    0x0000644d      0xabd CMakeFiles/NucleoMotor.elf.dir/Drivers/STM32F4xx_HAL_Driver/Src/stm32f4xx_hal_rcc.c.obj
 .debug_info    0x00006f0a      0xc59 CMakeFiles/NucleoMotor.elf.dir/Drivers/STM32F4xx_HAL_Driver/Src/stm32f4xx_hal_rcc_ex.c.obj
 .debug_info    0x00007b63     0x3be0 CMakeFiles/NucleoMotor.elf.dir/Drivers/STM32F4xx_HAL_Driver/Src/stm32f4xx_hal_tim.c.obj
 .debug_info    0x0000b743     0x1ac8 CMakeFiles/NucleoMotor.elf.dir/Drivers/STM32F4xx_HAL_Driver/Src/stm32f4xx_hal_tim_ex.c.obj
 .debug_info    0x0000d20b     0x3fe7 CMakeFiles/NucleoMotor.elf.dir/Drivers/STM32F4xx_HAL_Driver/Src/stm32f4xx_hal_uart.c.obj
 .debug_info    0x000111f2       0xe0 /opt/ST/STM32CubeCLT_1.16.0/GNU-tools-for-STM32/bin/../lib/gcc/arm-none-eabi/12.3.1/../../../../arm-none-eabi/lib/thumb/v7e-m/nofp/libg.a(libc_a-memset.o)
 .debug_info    0x000112d2      0x10b /opt/ST/STM32CubeCLT_1.16.0/GNU-tools-for-STM32/bin/../lib/gcc/arm-none-eabi/12.3.1/../../../../arm-none-eabi/lib/thumb/v7e-m/nofp/libg.a(libc_a-init.o)
 .debug_info    0x000113dd      0x20a /opt/ST/STM32CubeCLT_1.16.0/GNU-tools-for-STM32/bin/../lib/gcc/arm-none-eabi/12.3.1/../../../../arm-none-eabi/lib/thumb/v7e-m/nofp/libg.a(libc_a-lock.o)
 .debug_info    0x000115e7      0x2dd /opt/ST/STM32CubeCLT_1.16.0/GNU-tools-for-STM32/bin/../lib/gcc/arm-none-eabi/12.3.1/../../../../arm-none-eabi/lib/thumb/v7e-m/nofp/libg.a(libc_a-__call_atexit.o)
 .debug_info    0x000118c4      0x118 /opt/ST/STM32CubeCLT_1.16.0/GNU-tools-for-STM32/bin/../lib/gcc/arm-none-eabi/12.3.1/../../../../arm-none-eabi/lib/thumb/v7e-m/nofp/libg.a(libc_a-atexit.o)
 .debug_info    0x000119dc       0xf7 /opt/ST/STM32CubeCLT_1.16.0/GNU-tools-for-STM32/bin/../lib/gcc/arm-none-eabi/12.3.1/../../../../arm-none-eabi/lib/thumb/v7e-m/nofp/libg.a(libc_a-fini.o)
 .debug_info    0x00011ad3      0x25f /opt/ST/STM32CubeCLT_1.16.0/GNU-tools-for-STM32/bin/../lib/gcc/arm-none-eabi/12.3.1/../../../../arm-none-eabi/lib/thumb/v7e-m/nofp/libg.a(libc_a-__atexit.o)

.debug_abbrev   0x00000000     0x28b1
 .debug_abbrev  0x00000000      0x164 CMakeFiles/NucleoMotor.elf.dir/Core/Src/gpio.c.obj
 .debug_abbrev  0x00000164      0x255 CMakeFiles/NucleoMotor.elf.dir/Core/Src/main.c.obj
 .debug_abbrev  0x000003b9       0xfb CMakeFiles/NucleoMotor.elf.dir/Core/Src/stm32f4xx_hal_msp.c.obj
 .debug_abbrev  0x000004b4      0x19b CMakeFiles/NucleoMotor.elf.dir/Core/Src/stm32f4xx_it.c.obj
 .debug_abbrev  0x0000064f      0x120 CMakeFiles/NucleoMotor.elf.dir/Core/Src/system_stm32f4xx.c.obj
 .debug_abbrev  0x0000076f      0x273 CMakeFiles/NucleoMotor.elf.dir/Core/Src/tim.c.obj
 .debug_abbrev  0x000009e2      0x217 CMakeFiles/NucleoMotor.elf.dir/Core/Src/usart.c.obj
 .debug_abbrev  0x00000bf9       0x24 CMakeFiles/NucleoMotor.elf.dir/Core/Startup/startup_stm32f446retx.s.obj
 .debug_abbrev  0x00000c1d      0x240 CMakeFiles/NucleoMotor.elf.dir/Drivers/STM32F4xx_HAL_Driver/Src/stm32f4xx_hal.c.obj
 .debug_abbrev  0x00000e5d      0x391 CMakeFiles/NucleoMotor.elf.dir/Drivers/STM32F4xx_HAL_Driver/Src/stm32f4xx_hal_cortex.c.obj
 .debug_abbrev  0x000011ee      0x202 CMakeFiles/NucleoMotor.elf.dir/Drivers/STM32F4xx_HAL_Driver/Src/stm32f4xx_hal_gpio.c.obj
 .debug_abbrev  0x000013f0      0x2c7 CMakeFiles/NucleoMotor.elf.dir/Drivers/STM32F4xx_HAL_Driver/Src/stm32f4xx_hal_rcc.c.obj
 .debug_abbrev  0x000016b7      0x256 CMakeFiles/NucleoMotor.elf.dir/Drivers/STM32F4xx_HAL_Driver/Src/stm32f4xx_hal_rcc_ex.c.obj
 .debug_abbrev  0x0000190d      0x271 CMakeFiles/NucleoMotor.elf.dir/Drivers/STM32F4xx_HAL_Driver/Src/stm32f4xx_hal_tim.c.obj
 .debug_abbrev  0x00001b7e      0x26f CMakeFiles/NucleoMotor.elf.dir/Drivers/STM32F4xx_HAL_Driver/Src/stm32f4xx_hal_tim_ex.c.obj
 .debug_abbrev  0x00001ded      0x326 CMakeFiles/NucleoMotor.elf.dir/Drivers/STM32F4xx_HAL_Driver/Src/stm32f4xx_hal_uart.c.obj
 .debug_abbrev  0x00002113       0x9e /opt/ST/STM32CubeCLT_1.16.0/GNU-tools-for-STM32/bin/../lib/gcc/arm-none-eabi/12.3.1/../../../../arm-none-eabi/lib/thumb/v7e-m/nofp/libg.a(libc_a-memset.o)
 .debug_abbrev  0x000021b1       0xc9 /opt/ST/STM32CubeCLT_1.16.0/GNU-tools-for-STM32/bin/../lib/gcc/arm-none-eabi/12.3.1/../../../../arm-none-eabi/lib/thumb/v7e-m/nofp/libg.a(libc_a-init.o)
 .debug_abbrev  0x0000227a      0x115 /opt/ST/STM32CubeCLT_1.16.0/GNU-tools-for-STM32/bin/../lib/gcc/arm-none-eabi/12.3.1/../../../../arm-none-eabi/lib/thumb/v7e-m/nofp/libg.a(libc_a-lock.o)
 .debug_abbrev  0x0000238f      0x20c /opt/ST/STM32CubeCLT_1.16.0/GNU-tools-for-STM32/bin/../lib/gcc/arm-none-eabi/12.3.1/../../../../arm-none-eabi/lib/thumb/v7e-m/nofp/libg.a(libc_a-__call_atexit.o)
 .debug_abbrev  0x0000259b       0xc1 /opt/ST/STM32CubeCLT_1.16.0/GNU-tools-for-STM32/bin/../lib/gcc/arm-none-eabi/12.3.1/../../../../arm-none-eabi/lib/thumb/v7e-m/nofp/libg.a(libc_a-atexit.o)
 .debug_abbrev  0x0000265c       0xcc /opt/ST/STM32CubeCLT_1.16.0/GNU-tools-for-STM32/bin/../lib/gcc/arm-none-eabi/12.3.1/../../../../arm-none-eabi/lib/thumb/v7e-m/nofp/libg.a(libc_a-fini.o)
 .debug_abbrev  0x00002728      0x189 /opt/ST/STM32CubeCLT_1.16.0/GNU-tools-for-STM32/bin/../lib/gcc/arm-none-eabi/12.3.1/../../../../arm-none-eabi/lib/thumb/v7e-m/nofp/libg.a(libc_a-__atexit.o)

.debug_aranges  0x00000000      0xd88
 .debug_aranges
                0x00000000       0x20 CMakeFiles/NucleoMotor.elf.dir/Core/Src/gpio.c.obj
 .debug_aranges
                0x00000020       0x30 CMakeFiles/NucleoMotor.elf.dir/Core/Src/main.c.obj
 .debug_aranges
                0x00000050       0x20 CMakeFiles/NucleoMotor.elf.dir/Core/Src/stm32f4xx_hal_msp.c.obj
 .debug_aranges
                0x00000070       0x80 CMakeFiles/NucleoMotor.elf.dir/Core/Src/stm32f4xx_it.c.obj
 .debug_aranges
                0x000000f0       0x28 CMakeFiles/NucleoMotor.elf.dir/Core/Src/system_stm32f4xx.c.obj
 .debug_aranges
                0x00000118       0x68 CMakeFiles/NucleoMotor.elf.dir/Core/Src/tim.c.obj
 .debug_aranges
                0x00000180       0x30 CMakeFiles/NucleoMotor.elf.dir/Core/Src/usart.c.obj
 .debug_aranges
                0x000001b0       0x28 CMakeFiles/NucleoMotor.elf.dir/Core/Startup/startup_stm32f446retx.s.obj
 .debug_aranges
                0x000001d8       0xf0 CMakeFiles/NucleoMotor.elf.dir/Drivers/STM32F4xx_HAL_Driver/Src/stm32f4xx_hal.c.obj
 .debug_aranges
                0x000002c8       0xf8 CMakeFiles/NucleoMotor.elf.dir/Drivers/STM32F4xx_HAL_Driver/Src/stm32f4xx_hal_cortex.c.obj
 .debug_aranges
                0x000003c0       0x58 CMakeFiles/NucleoMotor.elf.dir/Drivers/STM32F4xx_HAL_Driver/Src/stm32f4xx_hal_gpio.c.obj
 .debug_aranges
                0x00000418       0x88 CMakeFiles/NucleoMotor.elf.dir/Drivers/STM32F4xx_HAL_Driver/Src/stm32f4xx_hal_rcc.c.obj
 .debug_aranges
                0x000004a0       0x78 CMakeFiles/NucleoMotor.elf.dir/Drivers/STM32F4xx_HAL_Driver/Src/stm32f4xx_hal_rcc_ex.c.obj
 .debug_aranges
                0x00000518      0x3d0 CMakeFiles/NucleoMotor.elf.dir/Drivers/STM32F4xx_HAL_Driver/Src/stm32f4xx_hal_tim.c.obj
 .debug_aranges
                0x000008e8      0x168 CMakeFiles/NucleoMotor.elf.dir/Drivers/STM32F4xx_HAL_Driver/Src/stm32f4xx_hal_tim_ex.c.obj
 .debug_aranges
                0x00000a50      0x208 CMakeFiles/NucleoMotor.elf.dir/Drivers/STM32F4xx_HAL_Driver/Src/stm32f4xx_hal_uart.c.obj
 .debug_aranges
                0x00000c58       0x20 /opt/ST/STM32CubeCLT_1.16.0/GNU-tools-for-STM32/bin/../lib/gcc/arm-none-eabi/12.3.1/../../../../arm-none-eabi/lib/thumb/v7e-m/nofp/libg.a(libc_a-memset.o)
 .debug_aranges
                0x00000c78       0x20 /opt/ST/STM32CubeCLT_1.16.0/GNU-tools-for-STM32/bin/../lib/gcc/arm-none-eabi/12.3.1/../../../../arm-none-eabi/lib/thumb/v7e-m/nofp/libg.a(libc_a-init.o)
 .debug_aranges
                0x00000c98       0x68 /opt/ST/STM32CubeCLT_1.16.0/GNU-tools-for-STM32/bin/../lib/gcc/arm-none-eabi/12.3.1/../../../../arm-none-eabi/lib/thumb/v7e-m/nofp/libg.a(libc_a-lock.o)
 .debug_aranges
                0x00000d00       0x28 /opt/ST/STM32CubeCLT_1.16.0/GNU-tools-for-STM32/bin/../lib/gcc/arm-none-eabi/12.3.1/../../../../arm-none-eabi/lib/thumb/v7e-m/nofp/libg.a(libc_a-__call_atexit.o)
 .debug_aranges
                0x00000d28       0x20 /opt/ST/STM32CubeCLT_1.16.0/GNU-tools-for-STM32/bin/../lib/gcc/arm-none-eabi/12.3.1/../../../../arm-none-eabi/lib/thumb/v7e-m/nofp/libg.a(libc_a-atexit.o)
 .debug_aranges
                0x00000d48       0x20 /opt/ST/STM32CubeCLT_1.16.0/GNU-tools-for-STM32/bin/../lib/gcc/arm-none-eabi/12.3.1/../../../../arm-none-eabi/lib/thumb/v7e-m/nofp/libg.a(libc_a-fini.o)
 .debug_aranges
                0x00000d68       0x20 /opt/ST/STM32CubeCLT_1.16.0/GNU-tools-for-STM32/bin/../lib/gcc/arm-none-eabi/12.3.1/../../../../arm-none-eabi/lib/thumb/v7e-m/nofp/libg.a(libc_a-__atexit.o)

.debug_rnglists
                0x00000000      0xa49
 .debug_rnglists
                0x00000000       0x14 CMakeFiles/NucleoMotor.elf.dir/Core/Src/gpio.c.obj
 .debug_rnglists
                0x00000014       0x20 CMakeFiles/NucleoMotor.elf.dir/Core/Src/main.c.obj
 .debug_rnglists
                0x00000034       0x13 CMakeFiles/NucleoMotor.elf.dir/Core/Src/stm32f4xx_hal_msp.c.obj
 .debug_rnglists
                0x00000047       0x5b CMakeFiles/NucleoMotor.elf.dir/Core/Src/stm32f4xx_it.c.obj
 .debug_rnglists
                0x000000a2       0x1a CMakeFiles/NucleoMotor.elf.dir/Core/Src/system_stm32f4xx.c.obj
 .debug_rnglists
                0x000000bc       0x4c CMakeFiles/NucleoMotor.elf.dir/Core/Src/tim.c.obj
 .debug_rnglists
                0x00000108       0x20 CMakeFiles/NucleoMotor.elf.dir/Core/Src/usart.c.obj
 .debug_rnglists
                0x00000128       0x19 CMakeFiles/NucleoMotor.elf.dir/Core/Startup/startup_stm32f446retx.s.obj
 .debug_rnglists
                0x00000141       0xaf CMakeFiles/NucleoMotor.elf.dir/Drivers/STM32F4xx_HAL_Driver/Src/stm32f4xx_hal.c.obj
 .debug_rnglists
                0x000001f0       0xb5 CMakeFiles/NucleoMotor.elf.dir/Drivers/STM32F4xx_HAL_Driver/Src/stm32f4xx_hal_cortex.c.obj
 .debug_rnglists
                0x000002a5       0x3f CMakeFiles/NucleoMotor.elf.dir/Drivers/STM32F4xx_HAL_Driver/Src/stm32f4xx_hal_gpio.c.obj
 .debug_rnglists
                0x000002e4       0x75 CMakeFiles/NucleoMotor.elf.dir/Drivers/STM32F4xx_HAL_Driver/Src/stm32f4xx_hal_rcc.c.obj
 .debug_rnglists
                0x00000359       0x6b CMakeFiles/NucleoMotor.elf.dir/Drivers/STM32F4xx_HAL_Driver/Src/stm32f4xx_hal_rcc_ex.c.obj
 .debug_rnglists
                0x000003c4      0x302 CMakeFiles/NucleoMotor.elf.dir/Drivers/STM32F4xx_HAL_Driver/Src/stm32f4xx_hal_tim.c.obj
 .debug_rnglists
                0x000006c6      0x11b CMakeFiles/NucleoMotor.elf.dir/Drivers/STM32F4xx_HAL_Driver/Src/stm32f4xx_hal_tim_ex.c.obj
 .debug_rnglists
                0x000007e1      0x195 CMakeFiles/NucleoMotor.elf.dir/Drivers/STM32F4xx_HAL_Driver/Src/stm32f4xx_hal_uart.c.obj
 .debug_rnglists
                0x00000976       0x13 /opt/ST/STM32CubeCLT_1.16.0/GNU-tools-for-STM32/bin/../lib/gcc/arm-none-eabi/12.3.1/../../../../arm-none-eabi/lib/thumb/v7e-m/nofp/libg.a(libc_a-memset.o)
 .debug_rnglists
                0x00000989       0x13 /opt/ST/STM32CubeCLT_1.16.0/GNU-tools-for-STM32/bin/../lib/gcc/arm-none-eabi/12.3.1/../../../../arm-none-eabi/lib/thumb/v7e-m/nofp/libg.a(libc_a-init.o)
 .debug_rnglists
                0x0000099c       0x49 /opt/ST/STM32CubeCLT_1.16.0/GNU-tools-for-STM32/bin/../lib/gcc/arm-none-eabi/12.3.1/../../../../arm-none-eabi/lib/thumb/v7e-m/nofp/libg.a(libc_a-lock.o)
 .debug_rnglists
                0x000009e5       0x2a /opt/ST/STM32CubeCLT_1.16.0/GNU-tools-for-STM32/bin/../lib/gcc/arm-none-eabi/12.3.1/../../../../arm-none-eabi/lib/thumb/v7e-m/nofp/libg.a(libc_a-__call_atexit.o)
 .debug_rnglists
                0x00000a0f       0x13 /opt/ST/STM32CubeCLT_1.16.0/GNU-tools-for-STM32/bin/../lib/gcc/arm-none-eabi/12.3.1/../../../../arm-none-eabi/lib/thumb/v7e-m/nofp/libg.a(libc_a-atexit.o)
 .debug_rnglists
                0x00000a22       0x13 /opt/ST/STM32CubeCLT_1.16.0/GNU-tools-for-STM32/bin/../lib/gcc/arm-none-eabi/12.3.1/../../../../arm-none-eabi/lib/thumb/v7e-m/nofp/libg.a(libc_a-fini.o)
 .debug_rnglists
                0x00000a35       0x14 /opt/ST/STM32CubeCLT_1.16.0/GNU-tools-for-STM32/bin/../lib/gcc/arm-none-eabi/12.3.1/../../../../arm-none-eabi/lib/thumb/v7e-m/nofp/libg.a(libc_a-__atexit.o)

.debug_line     0x00000000    0x10c7a
 .debug_line    0x00000000      0x2c5 CMakeFiles/NucleoMotor.elf.dir/Core/Src/gpio.c.obj
 .debug_line    0x000002c5      0x491 CMakeFiles/NucleoMotor.elf.dir/Core/Src/main.c.obj
 .debug_line    0x00000756      0x23b CMakeFiles/NucleoMotor.elf.dir/Core/Src/stm32f4xx_hal_msp.c.obj
 .debug_line    0x00000991      0x3c1 CMakeFiles/NucleoMotor.elf.dir/Core/Src/stm32f4xx_it.c.obj
 .debug_line    0x00000d52      0x28f CMakeFiles/NucleoMotor.elf.dir/Core/Src/system_stm32f4xx.c.obj
 .debug_line    0x00000fe1      0x97b CMakeFiles/NucleoMotor.elf.dir/Core/Src/tim.c.obj
 .debug_line    0x0000195c      0x3d7 CMakeFiles/NucleoMotor.elf.dir/Core/Src/usart.c.obj
 .debug_line    0x00001d33       0x7a CMakeFiles/NucleoMotor.elf.dir/Core/Startup/startup_stm32f446retx.s.obj
 .debug_line    0x00001dad      0x649 CMakeFiles/NucleoMotor.elf.dir/Drivers/STM32F4xx_HAL_Driver/Src/stm32f4xx_hal.c.obj
 .debug_line    0x000023f6      0x936 CMakeFiles/NucleoMotor.elf.dir/Drivers/STM32F4xx_HAL_Driver/Src/stm32f4xx_hal_cortex.c.obj
 .debug_line    0x00002d2c      0x75d CMakeFiles/NucleoMotor.elf.dir/Drivers/STM32F4xx_HAL_Driver/Src/stm32f4xx_hal_gpio.c.obj
 .debug_line    0x00003489      0xbed CMakeFiles/NucleoMotor.elf.dir/Drivers/STM32F4xx_HAL_Driver/Src/stm32f4xx_hal_rcc.c.obj
 .debug_line    0x00004076     0x1443 CMakeFiles/NucleoMotor.elf.dir/Drivers/STM32F4xx_HAL_Driver/Src/stm32f4xx_hal_rcc_ex.c.obj
 .debug_line    0x000054b9     0x4b13 CMakeFiles/NucleoMotor.elf.dir/Drivers/STM32F4xx_HAL_Driver/Src/stm32f4xx_hal_tim.c.obj
 .debug_line    0x00009fcc     0x1dbb CMakeFiles/NucleoMotor.elf.dir/Drivers/STM32F4xx_HAL_Driver/Src/stm32f4xx_hal_tim_ex.c.obj
 .debug_line    0x0000bd87     0x43e1 CMakeFiles/NucleoMotor.elf.dir/Drivers/STM32F4xx_HAL_Driver/Src/stm32f4xx_hal_uart.c.obj
 .debug_line    0x00010168      0x17e /opt/ST/STM32CubeCLT_1.16.0/GNU-tools-for-STM32/bin/../lib/gcc/arm-none-eabi/12.3.1/../../../../arm-none-eabi/lib/thumb/v7e-m/nofp/libg.a(libc_a-memset.o)
 .debug_line    0x000102e6      0x188 /opt/ST/STM32CubeCLT_1.16.0/GNU-tools-for-STM32/bin/../lib/gcc/arm-none-eabi/12.3.1/../../../../arm-none-eabi/lib/thumb/v7e-m/nofp/libg.a(libc_a-init.o)
 .debug_line    0x0001046e      0x19b /opt/ST/STM32CubeCLT_1.16.0/GNU-tools-for-STM32/bin/../lib/gcc/arm-none-eabi/12.3.1/../../../../arm-none-eabi/lib/thumb/v7e-m/nofp/libg.a(libc_a-lock.o)
 .debug_line    0x00010609      0x28a /opt/ST/STM32CubeCLT_1.16.0/GNU-tools-for-STM32/bin/../lib/gcc/arm-none-eabi/12.3.1/../../../../arm-none-eabi/lib/thumb/v7e-m/nofp/libg.a(libc_a-__call_atexit.o)
 .debug_line    0x00010893      0x102 /opt/ST/STM32CubeCLT_1.16.0/GNU-tools-for-STM32/bin/../lib/gcc/arm-none-eabi/12.3.1/../../../../arm-none-eabi/lib/thumb/v7e-m/nofp/libg.a(libc_a-atexit.o)
 .debug_line    0x00010995      0x140 /opt/ST/STM32CubeCLT_1.16.0/GNU-tools-for-STM32/bin/../lib/gcc/arm-none-eabi/12.3.1/../../../../arm-none-eabi/lib/thumb/v7e-m/nofp/libg.a(libc_a-fini.o)
 .debug_line    0x00010ad5      0x1a5 /opt/ST/STM32CubeCLT_1.16.0/GNU-tools-for-STM32/bin/../lib/gcc/arm-none-eabi/12.3.1/../../../../arm-none-eabi/lib/thumb/v7e-m/nofp/libg.a(libc_a-__atexit.o)

.debug_str      0x00000000     0x4829
 .debug_str     0x00000000      0x3ad CMakeFiles/NucleoMotor.elf.dir/Core/Src/gpio.c.obj
                                0x405 (size before relaxing)
 .debug_str     0x000003ad      0x74f CMakeFiles/NucleoMotor.elf.dir/Core/Src/main.c.obj
                                0xb2f (size before relaxing)
 .debug_str     0x00000afc       0x7f CMakeFiles/NucleoMotor.elf.dir/Core/Src/stm32f4xx_hal_msp.c.obj
                                0x351 (size before relaxing)
 .debug_str     0x00000b7b      0x163 CMakeFiles/NucleoMotor.elf.dir/Core/Src/stm32f4xx_it.c.obj
                                0x834 (size before relaxing)
 .debug_str     0x00000cde       0xbd CMakeFiles/NucleoMotor.elf.dir/Core/Src/system_stm32f4xx.c.obj
                                0x39a (size before relaxing)
 .debug_str     0x00000d9b      0x93a CMakeFiles/NucleoMotor.elf.dir/Core/Src/tim.c.obj
                               0x129d (size before relaxing)
 .debug_str     0x000016d5      0x26c CMakeFiles/NucleoMotor.elf.dir/Core/Src/usart.c.obj
                                0x8af (size before relaxing)
 .debug_str     0x00001941       0x7a CMakeFiles/NucleoMotor.elf.dir/Core/Startup/startup_stm32f446retx.s.obj
                                 0xc5 (size before relaxing)
 .debug_str     0x000019bb      0x368 CMakeFiles/NucleoMotor.elf.dir/Drivers/STM32F4xx_HAL_Driver/Src/stm32f4xx_hal.c.obj
                                0xc1e (size before relaxing)
 .debug_str     0x00001d23      0x4f5 CMakeFiles/NucleoMotor.elf.dir/Drivers/STM32F4xx_HAL_Driver/Src/stm32f4xx_hal_cortex.c.obj
                                0xd0a (size before relaxing)
 .debug_str     0x00002218      0x150 CMakeFiles/NucleoMotor.elf.dir/Drivers/STM32F4xx_HAL_Driver/Src/stm32f4xx_hal_gpio.c.obj
                                0x559 (size before relaxing)
 .debug_str     0x00002368      0x1da CMakeFiles/NucleoMotor.elf.dir/Drivers/STM32F4xx_HAL_Driver/Src/stm32f4xx_hal_rcc.c.obj
                                0x784 (size before relaxing)
 .debug_str     0x00002542      0x37d CMakeFiles/NucleoMotor.elf.dir/Drivers/STM32F4xx_HAL_Driver/Src/stm32f4xx_hal_rcc_ex.c.obj
                                0x86b (size before relaxing)
 .debug_str     0x000028bf      0xd72 CMakeFiles/NucleoMotor.elf.dir/Drivers/STM32F4xx_HAL_Driver/Src/stm32f4xx_hal_tim.c.obj
                               0x1753 (size before relaxing)
 .debug_str     0x00003631      0x472 CMakeFiles/NucleoMotor.elf.dir/Drivers/STM32F4xx_HAL_Driver/Src/stm32f4xx_hal_tim_ex.c.obj
                                0xf5f (size before relaxing)
 .debug_str     0x00003aa3      0x672 CMakeFiles/NucleoMotor.elf.dir/Drivers/STM32F4xx_HAL_Driver/Src/stm32f4xx_hal_uart.c.obj
                                0xdef (size before relaxing)
 .debug_str     0x00004115      0x16a /opt/ST/STM32CubeCLT_1.16.0/GNU-tools-for-STM32/bin/../lib/gcc/arm-none-eabi/12.3.1/../../../../arm-none-eabi/lib/thumb/v7e-m/nofp/libg.a(libc_a-memset.o)
                                0x206 (size before relaxing)
 .debug_str     0x0000427f       0xbc /opt/ST/STM32CubeCLT_1.16.0/GNU-tools-for-STM32/bin/../lib/gcc/arm-none-eabi/12.3.1/../../../../arm-none-eabi/lib/thumb/v7e-m/nofp/libg.a(libc_a-init.o)
                                0x267 (size before relaxing)
 .debug_str     0x0000433b      0x266 /opt/ST/STM32CubeCLT_1.16.0/GNU-tools-for-STM32/bin/../lib/gcc/arm-none-eabi/12.3.1/../../../../arm-none-eabi/lib/thumb/v7e-m/nofp/libg.a(libc_a-lock.o)
                                0x379 (size before relaxing)
 .debug_str     0x000045a1      0x105 /opt/ST/STM32CubeCLT_1.16.0/GNU-tools-for-STM32/bin/../lib/gcc/arm-none-eabi/12.3.1/../../../../arm-none-eabi/lib/thumb/v7e-m/nofp/libg.a(libc_a-__call_atexit.o)
                                0x343 (size before relaxing)
 .debug_str     0x000046a6       0x9e /opt/ST/STM32CubeCLT_1.16.0/GNU-tools-for-STM32/bin/../lib/gcc/arm-none-eabi/12.3.1/../../../../arm-none-eabi/lib/thumb/v7e-m/nofp/libg.a(libc_a-atexit.o)
                                0x243 (size before relaxing)
 .debug_str     0x00004744       0x7a /opt/ST/STM32CubeCLT_1.16.0/GNU-tools-for-STM32/bin/../lib/gcc/arm-none-eabi/12.3.1/../../../../arm-none-eabi/lib/thumb/v7e-m/nofp/libg.a(libc_a-fini.o)
                                0x23d (size before relaxing)
 .debug_str     0x000047be       0x6b /opt/ST/STM32CubeCLT_1.16.0/GNU-tools-for-STM32/bin/../lib/gcc/arm-none-eabi/12.3.1/../../../../arm-none-eabi/lib/thumb/v7e-m/nofp/libg.a(libc_a-__atexit.o)
                                0x31a (size before relaxing)

.comment        0x00000000       0x43
 .comment       0x00000000       0x43 CMakeFiles/NucleoMotor.elf.dir/Core/Src/gpio.c.obj
                                 0x44 (size before relaxing)
 .comment       0x00000043       0x44 CMakeFiles/NucleoMotor.elf.dir/Core/Src/main.c.obj
 .comment       0x00000043       0x44 CMakeFiles/NucleoMotor.elf.dir/Core/Src/stm32f4xx_hal_msp.c.obj
 .comment       0x00000043       0x44 CMakeFiles/NucleoMotor.elf.dir/Core/Src/stm32f4xx_it.c.obj
 .comment       0x00000043       0x44 CMakeFiles/NucleoMotor.elf.dir/Core/Src/system_stm32f4xx.c.obj
 .comment       0x00000043       0x44 CMakeFiles/NucleoMotor.elf.dir/Core/Src/tim.c.obj
 .comment       0x00000043       0x44 CMakeFiles/NucleoMotor.elf.dir/Core/Src/usart.c.obj
 .comment       0x00000043       0x44 CMakeFiles/NucleoMotor.elf.dir/Drivers/STM32F4xx_HAL_Driver/Src/stm32f4xx_hal.c.obj
 .comment       0x00000043       0x44 CMakeFiles/NucleoMotor.elf.dir/Drivers/STM32F4xx_HAL_Driver/Src/stm32f4xx_hal_cortex.c.obj
 .comment       0x00000043       0x44 CMakeFiles/NucleoMotor.elf.dir/Drivers/STM32F4xx_HAL_Driver/Src/stm32f4xx_hal_gpio.c.obj
 .comment       0x00000043       0x44 CMakeFiles/NucleoMotor.elf.dir/Drivers/STM32F4xx_HAL_Driver/Src/stm32f4xx_hal_rcc.c.obj
 .comment       0x00000043       0x44 CMakeFiles/NucleoMotor.elf.dir/Drivers/STM32F4xx_HAL_Driver/Src/stm32f4xx_hal_rcc_ex.c.obj
 .comment       0x00000043       0x44 CMakeFiles/NucleoMotor.elf.dir/Drivers/STM32F4xx_HAL_Driver/Src/stm32f4xx_hal_tim.c.obj
 .comment       0x00000043       0x44 CMakeFiles/NucleoMotor.elf.dir/Drivers/STM32F4xx_HAL_Driver/Src/stm32f4xx_hal_tim_ex.c.obj
 .comment       0x00000043       0x44 CMakeFiles/NucleoMotor.elf.dir/Drivers/STM32F4xx_HAL_Driver/Src/stm32f4xx_hal_uart.c.obj
 .comment       0x00000043       0x44 /opt/ST/STM32CubeCLT_1.16.0/GNU-tools-for-STM32/bin/../lib/gcc/arm-none-eabi/12.3.1/../../../../arm-none-eabi/lib/thumb/v7e-m/nofp/libg.a(libc_a-memset.o)
 .comment       0x00000043       0x44 /opt/ST/STM32CubeCLT_1.16.0/GNU-tools-for-STM32/bin/../lib/gcc/arm-none-eabi/12.3.1/../../../../arm-none-eabi/lib/thumb/v7e-m/nofp/libg.a(libc_a-init.o)
 .comment       0x00000043       0x44 /opt/ST/STM32CubeCLT_1.16.0/GNU-tools-for-STM32/bin/../lib/gcc/arm-none-eabi/12.3.1/../../../../arm-none-eabi/lib/thumb/v7e-m/nofp/libg.a(libc_a-lock.o)
 .comment       0x00000043       0x44 /opt/ST/STM32CubeCLT_1.16.0/GNU-tools-for-STM32/bin/../lib/gcc/arm-none-eabi/12.3.1/../../../../arm-none-eabi/lib/thumb/v7e-m/nofp/libg.a(libc_a-__call_atexit.o)
 .comment       0x00000043       0x44 /opt/ST/STM32CubeCLT_1.16.0/GNU-tools-for-STM32/bin/../lib/gcc/arm-none-eabi/12.3.1/../../../../arm-none-eabi/lib/thumb/v7e-m/nofp/libg.a(libc_a-atexit.o)
 .comment       0x00000043       0x44 /opt/ST/STM32CubeCLT_1.16.0/GNU-tools-for-STM32/bin/../lib/gcc/arm-none-eabi/12.3.1/../../../../arm-none-eabi/lib/thumb/v7e-m/nofp/libg.a(libc_a-fini.o)
 .comment       0x00000043       0x44 /opt/ST/STM32CubeCLT_1.16.0/GNU-tools-for-STM32/bin/../lib/gcc/arm-none-eabi/12.3.1/../../../../arm-none-eabi/lib/thumb/v7e-m/nofp/libg.a(libc_a-__atexit.o)

.debug_frame    0x00000000     0x2260
 .debug_frame   0x00000000       0x34 CMakeFiles/NucleoMotor.elf.dir/Core/Src/gpio.c.obj
 .debug_frame   0x00000034       0x58 CMakeFiles/NucleoMotor.elf.dir/Core/Src/main.c.obj
 .debug_frame   0x0000008c       0x2c CMakeFiles/NucleoMotor.elf.dir/Core/Src/stm32f4xx_hal_msp.c.obj
 .debug_frame   0x000000b8      0x108 CMakeFiles/NucleoMotor.elf.dir/Core/Src/stm32f4xx_it.c.obj
 .debug_frame   0x000001c0       0x30 CMakeFiles/NucleoMotor.elf.dir/Core/Src/system_stm32f4xx.c.obj
 .debug_frame   0x000001f0      0x148 CMakeFiles/NucleoMotor.elf.dir/Core/Src/tim.c.obj
 .debug_frame   0x00000338       0x68 CMakeFiles/NucleoMotor.elf.dir/Core/Src/usart.c.obj
 .debug_frame   0x000003a0      0x1ec CMakeFiles/NucleoMotor.elf.dir/Drivers/STM32F4xx_HAL_Driver/Src/stm32f4xx_hal.c.obj
 .debug_frame   0x0000058c      0x214 CMakeFiles/NucleoMotor.elf.dir/Drivers/STM32F4xx_HAL_Driver/Src/stm32f4xx_hal_cortex.c.obj
 .debug_frame   0x000007a0       0xd4 CMakeFiles/NucleoMotor.elf.dir/Drivers/STM32F4xx_HAL_Driver/Src/stm32f4xx_hal_gpio.c.obj
 .debug_frame   0x00000874      0x16c CMakeFiles/NucleoMotor.elf.dir/Drivers/STM32F4xx_HAL_Driver/Src/stm32f4xx_hal_rcc.c.obj
 .debug_frame   0x000009e0      0x14c CMakeFiles/NucleoMotor.elf.dir/Drivers/STM32F4xx_HAL_Driver/Src/stm32f4xx_hal_rcc_ex.c.obj
 .debug_frame   0x00000b2c      0xb08 CMakeFiles/NucleoMotor.elf.dir/Drivers/STM32F4xx_HAL_Driver/Src/stm32f4xx_hal_tim.c.obj
 .debug_frame   0x00001634      0x40c CMakeFiles/NucleoMotor.elf.dir/Drivers/STM32F4xx_HAL_Driver/Src/stm32f4xx_hal_tim_ex.c.obj
 .debug_frame   0x00001a40      0x5e0 CMakeFiles/NucleoMotor.elf.dir/Drivers/STM32F4xx_HAL_Driver/Src/stm32f4xx_hal_uart.c.obj
 .debug_frame   0x00002020       0x2c /opt/ST/STM32CubeCLT_1.16.0/GNU-tools-for-STM32/bin/../lib/gcc/arm-none-eabi/12.3.1/thumb/v7e-m/nofp/libgcc.a(_aeabi_uldivmod.o)
 .debug_frame   0x0000204c       0x34 /opt/ST/STM32CubeCLT_1.16.0/GNU-tools-for-STM32/bin/../lib/gcc/arm-none-eabi/12.3.1/thumb/v7e-m/nofp/libgcc.a(_udivmoddi4.o)
 .debug_frame   0x00002080       0x20 /opt/ST/STM32CubeCLT_1.16.0/GNU-tools-for-STM32/bin/../lib/gcc/arm-none-eabi/12.3.1/../../../../arm-none-eabi/lib/thumb/v7e-m/nofp/libg.a(libc_a-memset.o)
 .debug_frame   0x000020a0       0x2c /opt/ST/STM32CubeCLT_1.16.0/GNU-tools-for-STM32/bin/../lib/gcc/arm-none-eabi/12.3.1/../../../../arm-none-eabi/lib/thumb/v7e-m/nofp/libg.a(libc_a-init.o)
 .debug_frame   0x000020cc       0xb0 /opt/ST/STM32CubeCLT_1.16.0/GNU-tools-for-STM32/bin/../lib/gcc/arm-none-eabi/12.3.1/../../../../arm-none-eabi/lib/thumb/v7e-m/nofp/libg.a(libc_a-lock.o)
 .debug_frame   0x0000217c       0x58 /opt/ST/STM32CubeCLT_1.16.0/GNU-tools-for-STM32/bin/../lib/gcc/arm-none-eabi/12.3.1/../../../../arm-none-eabi/lib/thumb/v7e-m/nofp/libg.a(libc_a-__call_atexit.o)
 .debug_frame   0x000021d4       0x20 /opt/ST/STM32CubeCLT_1.16.0/GNU-tools-for-STM32/bin/../lib/gcc/arm-none-eabi/12.3.1/../../../../arm-none-eabi/lib/thumb/v7e-m/nofp/libg.a(libc_a-atexit.o)
 .debug_frame   0x000021f4       0x38 /opt/ST/STM32CubeCLT_1.16.0/GNU-tools-for-STM32/bin/../lib/gcc/arm-none-eabi/12.3.1/../../../../arm-none-eabi/lib/thumb/v7e-m/nofp/libg.a(libc_a-fini.o)
 .debug_frame   0x0000222c       0x34 /opt/ST/STM32CubeCLT_1.16.0/GNU-tools-for-STM32/bin/../lib/gcc/arm-none-eabi/12.3.1/../../../../arm-none-eabi/lib/thumb/v7e-m/nofp/libg.a(libc_a-__atexit.o)

.debug_loclists
                0x00000000     0x8a67
 .debug_loclists
                0x00000000       0x7a CMakeFiles/NucleoMotor.elf.dir/Core/Src/system_stm32f4xx.c.obj
 .debug_loclists
                0x0000007a      0x13b CMakeFiles/NucleoMotor.elf.dir/Core/Src/tim.c.obj
 .debug_loclists
                0x000001b5       0x5d CMakeFiles/NucleoMotor.elf.dir/Core/Src/usart.c.obj
 .debug_loclists
                0x00000212       0xc9 CMakeFiles/NucleoMotor.elf.dir/Drivers/STM32F4xx_HAL_Driver/Src/stm32f4xx_hal.c.obj
 .debug_loclists
                0x000002db      0x439 CMakeFiles/NucleoMotor.elf.dir/Drivers/STM32F4xx_HAL_Driver/Src/stm32f4xx_hal_cortex.c.obj
 .debug_loclists
                0x00000714      0x356 CMakeFiles/NucleoMotor.elf.dir/Drivers/STM32F4xx_HAL_Driver/Src/stm32f4xx_hal_gpio.c.obj
 .debug_loclists
                0x00000a6a      0x3a9 CMakeFiles/NucleoMotor.elf.dir/Drivers/STM32F4xx_HAL_Driver/Src/stm32f4xx_hal_rcc.c.obj
 .debug_loclists
                0x00000e13      0x9fd CMakeFiles/NucleoMotor.elf.dir/Drivers/STM32F4xx_HAL_Driver/Src/stm32f4xx_hal_rcc_ex.c.obj
 .debug_loclists
                0x00001810     0x3327 CMakeFiles/NucleoMotor.elf.dir/Drivers/STM32F4xx_HAL_Driver/Src/stm32f4xx_hal_tim.c.obj
 .debug_loclists
                0x00004b37     0x129a CMakeFiles/NucleoMotor.elf.dir/Drivers/STM32F4xx_HAL_Driver/Src/stm32f4xx_hal_tim_ex.c.obj
 .debug_loclists
                0x00005dd1     0x2a21 CMakeFiles/NucleoMotor.elf.dir/Drivers/STM32F4xx_HAL_Driver/Src/stm32f4xx_hal_uart.c.obj
 .debug_loclists
                0x000087f2       0x47 /opt/ST/STM32CubeCLT_1.16.0/GNU-tools-for-STM32/bin/../lib/gcc/arm-none-eabi/12.3.1/../../../../arm-none-eabi/lib/thumb/v7e-m/nofp/libg.a(libc_a-memset.o)
 .debug_loclists
                0x00008839       0x44 /opt/ST/STM32CubeCLT_1.16.0/GNU-tools-for-STM32/bin/../lib/gcc/arm-none-eabi/12.3.1/../../../../arm-none-eabi/lib/thumb/v7e-m/nofp/libg.a(libc_a-init.o)
 .debug_loclists
                0x0000887d       0x23 /opt/ST/STM32CubeCLT_1.16.0/GNU-tools-for-STM32/bin/../lib/gcc/arm-none-eabi/12.3.1/../../../../arm-none-eabi/lib/thumb/v7e-m/nofp/libg.a(libc_a-lock.o)
 .debug_loclists
                0x000088a0       0xd4 /opt/ST/STM32CubeCLT_1.16.0/GNU-tools-for-STM32/bin/../lib/gcc/arm-none-eabi/12.3.1/../../../../arm-none-eabi/lib/thumb/v7e-m/nofp/libg.a(libc_a-__call_atexit.o)
 .debug_loclists
                0x00008974       0x2a /opt/ST/STM32CubeCLT_1.16.0/GNU-tools-for-STM32/bin/../lib/gcc/arm-none-eabi/12.3.1/../../../../arm-none-eabi/lib/thumb/v7e-m/nofp/libg.a(libc_a-atexit.o)
 .debug_loclists
                0x0000899e       0x3b /opt/ST/STM32CubeCLT_1.16.0/GNU-tools-for-STM32/bin/../lib/gcc/arm-none-eabi/12.3.1/../../../../arm-none-eabi/lib/thumb/v7e-m/nofp/libg.a(libc_a-fini.o)
 .debug_loclists
                0x000089d9       0x8e /opt/ST/STM32CubeCLT_1.16.0/GNU-tools-for-STM32/bin/../lib/gcc/arm-none-eabi/12.3.1/../../../../arm-none-eabi/lib/thumb/v7e-m/nofp/libg.a(libc_a-__atexit.o)

.debug_line_str
                0x00000000       0xa9
 .debug_line_str
                0x00000000       0xa9 CMakeFiles/NucleoMotor.elf.dir/Core/Startup/startup_stm32f446retx.s.obj
